Archive member included to satisfy reference by file (symbol)

/opt/altera_lite/15.1/nios2eds/bin/gnu/H-x86_64-pc-linux-gnu/bin/../lib/gcc/nios2-elf/4.9.2/../../../../../H-x86_64-pc-linux-gnu/nios2-elf/lib/libc.a(lib_a-printf.o)
                              obj/default/src/counter.o (printf)
/opt/altera_lite/15.1/nios2eds/bin/gnu/H-x86_64-pc-linux-gnu/bin/../lib/gcc/nios2-elf/4.9.2/../../../../../H-x86_64-pc-linux-gnu/nios2-elf/lib/libc.a(lib_a-puts.o)
                              obj/default/src/counter.o (puts)
/opt/altera_lite/15.1/nios2eds/bin/gnu/H-x86_64-pc-linux-gnu/bin/../lib/gcc/nios2-elf/4.9.2/../../../../../H-x86_64-pc-linux-gnu/nios2-elf/lib/libc.a(lib_a-strlen.o)
                              /opt/altera_lite/15.1/nios2eds/bin/gnu/H-x86_64-pc-linux-gnu/bin/../lib/gcc/nios2-elf/4.9.2/../../../../../H-x86_64-pc-linux-gnu/nios2-elf/lib/libc.a(lib_a-puts.o) (strlen)
/opt/altera_lite/15.1/nios2eds/bin/gnu/H-x86_64-pc-linux-gnu/bin/../lib/gcc/nios2-elf/4.9.2/../../../../../H-x86_64-pc-linux-gnu/nios2-elf/lib/libc.a(lib_a-vfprintf.o)
                              /opt/altera_lite/15.1/nios2eds/bin/gnu/H-x86_64-pc-linux-gnu/bin/../lib/gcc/nios2-elf/4.9.2/../../../../../H-x86_64-pc-linux-gnu/nios2-elf/lib/libc.a(lib_a-printf.o) (___vfprintf_internal_r)
/opt/altera_lite/15.1/nios2eds/bin/gnu/H-x86_64-pc-linux-gnu/bin/../lib/gcc/nios2-elf/4.9.2/../../../../../H-x86_64-pc-linux-gnu/nios2-elf/lib/libc.a(lib_a-wsetup.o)
                              /opt/altera_lite/15.1/nios2eds/bin/gnu/H-x86_64-pc-linux-gnu/bin/../lib/gcc/nios2-elf/4.9.2/../../../../../H-x86_64-pc-linux-gnu/nios2-elf/lib/libc.a(lib_a-vfprintf.o) (__swsetup_r)
/opt/altera_lite/15.1/nios2eds/bin/gnu/H-x86_64-pc-linux-gnu/bin/../lib/gcc/nios2-elf/4.9.2/../../../../../H-x86_64-pc-linux-gnu/nios2-elf/lib/libc.a(lib_a-dtoa.o)
                              /opt/altera_lite/15.1/nios2eds/bin/gnu/H-x86_64-pc-linux-gnu/bin/../lib/gcc/nios2-elf/4.9.2/../../../../../H-x86_64-pc-linux-gnu/nios2-elf/lib/libc.a(lib_a-vfprintf.o) (_dtoa_r)
/opt/altera_lite/15.1/nios2eds/bin/gnu/H-x86_64-pc-linux-gnu/bin/../lib/gcc/nios2-elf/4.9.2/../../../../../H-x86_64-pc-linux-gnu/nios2-elf/lib/libc.a(lib_a-fflush.o)
                              /opt/altera_lite/15.1/nios2eds/bin/gnu/H-x86_64-pc-linux-gnu/bin/../lib/gcc/nios2-elf/4.9.2/../../../../../H-x86_64-pc-linux-gnu/nios2-elf/lib/libc.a(lib_a-vfprintf.o) (_fflush_r)
/opt/altera_lite/15.1/nios2eds/bin/gnu/H-x86_64-pc-linux-gnu/bin/../lib/gcc/nios2-elf/4.9.2/../../../../../H-x86_64-pc-linux-gnu/nios2-elf/lib/libc.a(lib_a-findfp.o)
                              /opt/altera_lite/15.1/nios2eds/bin/gnu/H-x86_64-pc-linux-gnu/bin/../lib/gcc/nios2-elf/4.9.2/../../../../../H-x86_64-pc-linux-gnu/nios2-elf/lib/libc.a(lib_a-vfprintf.o) (__sinit)
/opt/altera_lite/15.1/nios2eds/bin/gnu/H-x86_64-pc-linux-gnu/bin/../lib/gcc/nios2-elf/4.9.2/../../../../../H-x86_64-pc-linux-gnu/nios2-elf/lib/libc.a(lib_a-freer.o)
                              /opt/altera_lite/15.1/nios2eds/bin/gnu/H-x86_64-pc-linux-gnu/bin/../lib/gcc/nios2-elf/4.9.2/../../../../../H-x86_64-pc-linux-gnu/nios2-elf/lib/libc.a(lib_a-wsetup.o) (_free_r)
/opt/altera_lite/15.1/nios2eds/bin/gnu/H-x86_64-pc-linux-gnu/bin/../lib/gcc/nios2-elf/4.9.2/../../../../../H-x86_64-pc-linux-gnu/nios2-elf/lib/libc.a(lib_a-fvwrite.o)
                              /opt/altera_lite/15.1/nios2eds/bin/gnu/H-x86_64-pc-linux-gnu/bin/../lib/gcc/nios2-elf/4.9.2/../../../../../H-x86_64-pc-linux-gnu/nios2-elf/lib/libc.a(lib_a-puts.o) (__sfvwrite_r)
/opt/altera_lite/15.1/nios2eds/bin/gnu/H-x86_64-pc-linux-gnu/bin/../lib/gcc/nios2-elf/4.9.2/../../../../../H-x86_64-pc-linux-gnu/nios2-elf/lib/libc.a(lib_a-fwalk.o)
                              /opt/altera_lite/15.1/nios2eds/bin/gnu/H-x86_64-pc-linux-gnu/bin/../lib/gcc/nios2-elf/4.9.2/../../../../../H-x86_64-pc-linux-gnu/nios2-elf/lib/libc.a(lib_a-findfp.o) (_fwalk)
/opt/altera_lite/15.1/nios2eds/bin/gnu/H-x86_64-pc-linux-gnu/bin/../lib/gcc/nios2-elf/4.9.2/../../../../../H-x86_64-pc-linux-gnu/nios2-elf/lib/libc.a(lib_a-impure.o)
                              /opt/altera_lite/15.1/nios2eds/bin/gnu/H-x86_64-pc-linux-gnu/bin/../lib/gcc/nios2-elf/4.9.2/../../../../../H-x86_64-pc-linux-gnu/nios2-elf/lib/libc.a(lib_a-fflush.o) (_global_impure_ptr)
/opt/altera_lite/15.1/nios2eds/bin/gnu/H-x86_64-pc-linux-gnu/bin/../lib/gcc/nios2-elf/4.9.2/../../../../../H-x86_64-pc-linux-gnu/nios2-elf/lib/libc.a(lib_a-locale.o)
                              /opt/altera_lite/15.1/nios2eds/bin/gnu/H-x86_64-pc-linux-gnu/bin/../lib/gcc/nios2-elf/4.9.2/../../../../../H-x86_64-pc-linux-gnu/nios2-elf/lib/libc.a(lib_a-vfprintf.o) (_localeconv_r)
/opt/altera_lite/15.1/nios2eds/bin/gnu/H-x86_64-pc-linux-gnu/bin/../lib/gcc/nios2-elf/4.9.2/../../../../../H-x86_64-pc-linux-gnu/nios2-elf/lib/libc.a(lib_a-makebuf.o)
[...]
Memory Configuration

Name             Origin             Length             Attributes
reset            0x0000000001000000 0x0000000000000020
SDRAM_controller 0x0000000001000020 0x0000000000ffffe0
*default*        0x0000000000000000 0xffffffffffffffff

Linker script and memory map

LOAD ../led_counter_bsp//obj/HAL/src/crt0.o
LOAD obj/default/src/counter.o
LOAD /opt/altera_lite/15.1/nios2eds/bin/gnu/H-x86_64-pc-linux-gnu/bin/../lib/gcc/nios2-elf/4.9.2/../../../../../H-x86_64-pc-linux-gnu/nios2-elf/lib/libstdc++.a
LOAD /opt/altera_lite/15.1/nios2eds/bin/gnu/H-x86_64-pc-linux-gnu/bin/../lib/gcc/nios2-elf/4.9.2/../../../../../H-x86_64-pc-linux-gnu/nios2-elf/lib/libm.a
LOAD /opt/altera_lite/15.1/nios2eds/bin/gnu/H-x86_64-pc-linux-gnu/bin/../lib/gcc/nios2-elf/4.9.2/libgcc.a
START GROUP
LOAD /opt/altera_lite/15.1/nios2eds/bin/gnu/H-x86_64-pc-linux-gnu/bin/../lib/gcc/nios2-elf/4.9.2/../../../../../H-x86_64-pc-linux-gnu/nios2-elf/lib/libc.a
LOAD /opt/altera_lite/15.1/nios2eds/bin/gnu/H-x86_64-pc-linux-gnu/bin/../lib/gcc/nios2-elf/4.9.2/libgcc.a
LOAD ../led_counter_bsp//libhal_bsp.a
LOAD /opt/altera_lite/15.1/nios2eds/bin/gnu/H-x86_64-pc-linux-gnu/bin/../lib/gcc/nios2-elf/4.9.2/../../../../../H-x86_64-pc-linux-gnu/nios2-elf/lib/libm.a
END GROUP
LOAD /opt/altera_lite/15.1/nios2eds/bin/gnu/H-x86_64-pc-linux-gnu/bin/../lib/gcc/nios2-elf/4.9.2/libgcc.a
                0x0000000001000000                __alt_mem_SDRAM_controller = 0x1000000

.entry          0x0000000001000000       0x20
 *(.entry)
 .entry         0x0000000001000000       0x20 ../led_counter_bsp//obj/HAL/src/crt0.o
                0x0000000001000000                __reset

.exceptions     0x0000000001000020      0x19c
                0x0000000001000020                PROVIDE (__ram_exceptions_start, ABSOLUTE (.))
                0x0000000001000020                . = ALIGN (0x20)
 *(.irq)
 *(.exceptions.entry.label)
 .exceptions.entry.label
                0x0000000001000020        0x0 ../led_counter_bsp//libhal_bsp.a(alt_irq_entry.o)
                0x0000000001000020                alt_irq_entry
 .exceptions.entry.label
                0x0000000001000020        0x0 ../led_counter_bsp//libhal_bsp.a(alt_exception_entry.o)
                0x0000000001000020                alt_exception
 *(.exceptions.entry.user)
 *(.exceptions.entry.ecc_fatal)
 *(.exceptions.entry)
 .exceptions.entry
                0x0000000001000020       0x54 ../led_counter_bsp//libhal_bsp.a(alt_exception_entry.o)
 *(.exceptions.irqtest.user)
 *(.exceptions.irqtest)
 .exceptions.irqtest
                0x0000000001000074       0x10 ../led_counter_bsp//libhal_bsp.a(alt_irq_entry.o)
 *(.exceptions.irqhandler.user)
 *(.exceptions.irqhandler)
 .exceptions.irqhandler
                0x0000000001000084        0x4 ../led_counter_bsp//libhal_bsp.a(alt_irq_entry.o)
 *(.exceptions.irqreturn.user)
 *(.exceptions.irqreturn)
 .exceptions.irqreturn
                0x0000000001000088        0x4 ../led_counter_bsp//libhal_bsp.a(alt_irq_entry.o)
 *(.exceptions.notirq.label)
 .exceptions.notirq.label
                0x000000000100008c        0x0 ../led_counter_bsp//libhal_bsp.a(alt_irq_entry.o)
 *(.exceptions.notirq.user)
 *(.exceptions.notirq)
 .exceptions.notirq
                0x000000000100008c        0x8 ../led_counter_bsp//libhal_bsp.a(alt_exception_entry.o)
 *(.exceptions.soft.user)
 *(.exceptions.soft)
 *(.exceptions.unknown.user)
 *(.exceptions.unknown)
 .exceptions.unknown
                0x0000000001000094        0x4 ../led_counter_bsp//libhal_bsp.a(alt_exception_entry.o)
 *(.exceptions.exit.label)
 .exceptions.exit.label
                0x0000000001000098        0x0 ../led_counter_bsp//libhal_bsp.a(alt_irq_entry.o)
 .exceptions.exit.label
                0x0000000001000098        0x0 ../led_counter_bsp//libhal_bsp.a(alt_exception_entry.o)
 *(.exceptions.exit.user)
 *(.exceptions.exit)
 .exceptions.exit
                0x0000000001000098       0x54 ../led_counter_bsp//libhal_bsp.a(alt_exception_entry.o)
 *(.exceptions)
 .exceptions    0x00000000010000ec       0xd0 ../led_counter_bsp//libhal_bsp.a(alt_irq_handler.o)
                0x00000000010000ec                alt_irq_handler
                0x00000000010001bc                PROVIDE (__ram_exceptions_end, ABSOLUTE (.))
                0x0000000001000020                PROVIDE (__flash_exceptions_start, LOADADDR (.exceptions))

.text           0x00000000010001bc     0xeb58
                0x00000000010001bc                PROVIDE (stext, ABSOLUTE (.))
 *(.interp)
 *(.hash)
 *(.dynsym)
 *(.dynstr)
 *(.gnu.version)
 *(.gnu.version_d)
 *(.gnu.version_r)
 *(.rel.init)
 *(.rela.init)
 *(.rel.text .rel.text.* .rel.gnu.linkonce.t.*)
 *(.rela.text .rela.text.* .rela.gnu.linkonce.t.*)
 *(.rel.fini)
 *(.rela.fini)
 *(.rel.rodata .rel.rodata.* .rel.gnu.linkonce.r.*)
 *(.rela.rodata .rela.rodata.* .rela.gnu.linkonce.r.*)
 *(.rel.data .rel.data.* .rel.gnu.linkonce.d.*)
 *(.rela.data .rela.data.* .rela.gnu.linkonce.d.*)
 *(.rel.tdata .rel.tdata.* .rel.gnu.linkonce.td.*)
 *(.rela.tdata .rela.tdata.* .rela.gnu.linkonce.td.*)
 *(.rel.tbss .rel.tbss.* .rel.gnu.linkonce.tb.*)
 *(.rela.tbss .rela.tbss.* .rela.gnu.linkonce.tb.*)
 *(.rel.ctors)
 *(.rela.ctors)
 *(.rel.dtors)
 *(.rela.dtors)
 *(.rel.got)
 *(.rela.got)
 *(.rel.sdata .rel.sdata.* .rel.gnu.linkonce.s.*)
 *(.rela.sdata .rela.sdata.* .rela.gnu.linkonce.s.*)
 *(.rel.sbss .rel.sbss.* .rel.gnu.linkonce.sb.*)
 *(.rela.sbss .rela.sbss.* .rela.gnu.linkonce.sb.*)
 *(.rel.sdata2 .rel.sdata2.* .rel.gnu.linkonce.s2.*)
 *(.rela.sdata2 .rela.sdata2.* .rela.gnu.linkonce.s2.*)
 *(.rel.sbss2 .rel.sbss2.* .rel.gnu.linkonce.sb2.*)
 *(.rela.sbss2 .rela.sbss2.* .rela.gnu.linkonce.sb2.*)
 *(.rel.bss .rel.bss.* .rel.gnu.linkonce.b.*)
 *(.rela.bss .rela.bss.* .rela.gnu.linkonce.b.*)
 *(.rel.plt)
 *(.rela.plt)
 *(.rel.dyn)
 *(.init)
 *(.plt)
 *(.text .stub .text.* .gnu.linkonce.t.*)
 .text          0x00000000010001bc       0x4c ../led_counter_bsp//obj/HAL/src/crt0.o
                0x00000000010001bc                _start
 .text          0x0000000001000208       0x88 obj/default/src/counter.o
                0x0000000001000208                main
 .text          0x0000000001000290        0x0 /opt/altera_lite/15.1/nios2eds/bin/gnu/H-x86_64-pc-linux-gnu/bin/../lib/gcc/nios2-elf/4.9.2/../../../../../H-x86_64-pc-linux-gnu/nios2-elf/lib/libc.a(lib_a-printf.o)
 .text._printf_r
                0x0000000001000290       0x2c /opt/altera_lite/15.1/nios2eds/bin/gnu/H-x86_64-pc-linux-gnu/bin/../lib/gcc/nios2-elf/4.9.2/../../../../../H-x86_64-pc-linux-gnu/nios2-elf/lib/libc.a(lib_a-printf.o)
                0x0000000001000290                _printf_r
 .text.printf   0x00000000010002bc       0x3c /opt/altera_lite/15.1/nios2eds/bin/gnu/H-x86_64-pc-linux-gnu/bin/../lib/gcc/nios2-elf/4.9.2/../../../../../H-x86_64-pc-linux-gnu/nios2-elf/lib/libc.a(lib_a-printf.o)
                0x00000000010002bc                printf
 .text          0x00000000010002f8        0x0 /opt/altera_lite/15.1/nios2eds/bin/gnu/H-x86_64-pc-linux-gnu/bin/../lib/gcc/nios2-elf/4.9.2/../../../../../H-x86_64-pc-linux-gnu/nios2-elf/lib/libc.a(lib_a-puts.o)
 .text._puts_r  0x00000000010002f8       0xa8 /opt/altera_lite/15.1/nios2eds/bin/gnu/H-x86_64-pc-linux-gnu/bin/../lib/gcc/nios2-elf/4.9.2/../../../../../H-x86_64-pc-linux-gnu/nios2-elf/lib/libc.a(lib_a-puts.o)
                0x00000000010002f8                _puts_r
 .text.puts     0x00000000010003a0       0x14 /opt/altera_lite/15.1/nios2eds/bin/gnu/H-x86_64-pc-linux-gnu/bin/../lib/gcc/nios2-elf/4.9.2/../../../../../H-x86_64-pc-linux-gnu/nios2-elf/lib/libc.a(lib_a-puts.o)
                0x00000000010003a0                puts
 .text          0x00000000010003b4        0x0 /opt/altera_lite/15.1/nios2eds/bin/gnu/H-x86_64-pc-linux-gnu/bin/../lib/gcc/nios2-elf/4.9.2/../../../../../H-x86_64-pc-linux-gnu/nios2-elf/lib/libc.a(lib_a-strlen.o)
 .text.strlen   0x00000000010003b4       0x98 /opt/altera_lite/15.1/nios2eds/bin/gnu/H-x86_64-pc-linux-gnu/bin/../lib/gcc/nios2-elf/4.9.2/../../../../../H-x86_64-pc-linux-gnu/nios2-elf/lib/libc.a(lib_a-strlen.o)
                0x00000000010003b4                strlen
 .text          0x000000000100044c        0x0 /opt/altera_lite/15.1/nios2eds/bin/gnu/H-x86_64-pc-linux-gnu/bin/../lib/gcc/nios2-elf/4.9.2/../../../../../H-x86_64-pc-linux-gnu/nios2-elf/lib/libc.a(lib_a-vfprintf.o)
 .text.___vfprintf_internal_r
                0x000000000100044c     0x1f50 /opt/altera_lite/15.1/nios2eds/bin/gnu/H-x86_64-pc-linux-gnu/bin/../lib/gcc/nios2-elf/4.9.2/../../../../../H-x86_64-pc-linux-gnu/nios2-elf/lib/libc.a(lib_a-vfprintf.o)
                0x000000000100044c                ___vfprintf_internal_r
 .text.__vfprintf_internal
                0x000000000100239c       0x24 /opt/altera_lite/15.1/nios2eds/bin/gnu/H-x86_64-pc-linux-gnu/bin/../lib/gcc/nios2-elf/4.9.2/../../../../../H-x86_64-pc-linux-gnu/nios2-elf/lib/libc.a(lib_a-vfprintf.o)
                0x000000000100239c                __vfprintf_internal
 .text.__sbprintf
                0x00000000010023c0       0xbc /opt/altera_lite/15.1/nios2eds/bin/gnu/H-x86_64-pc-linux-gnu/bin/../lib/gcc/nios2-elf/4.9.2/../../../../../H-x86_64-pc-linux-gnu/nios2-elf/lib/libc.a(lib_a-vfprintf.o)
 .text          0x000000000100247c        0x0 /opt/altera_lite/15.1/nios2eds/bin/gnu/H-x86_64-pc-linux-gnu/bin/../lib/gcc/nios2-elf/4.9.2/../../../../../H-x86_64-pc-linux-gnu/nios2-elf/lib/libc.a(lib_a-wsetup.o)
 .text.__swsetup_r
                0x000000000100247c      0x154 /opt/altera_lite/15.1/nios2eds/bin/gnu/H-x86_64-pc-linux-gnu/bin/../lib/gcc/nios2-elf/4.9.2/../../../../../H-x86_64-pc-linux-gnu/nios2-elf/lib/libc.a(lib_a-wsetup.o)
                0x000000000100247c                __swsetup_r
 .text          0x00000000010025d0        0x0 /opt/altera_lite/15.1/nios2eds/bin/gnu/H-x86_64-pc-linux-gnu/bin/../lib/gcc/nios2-elf/4.9.2/../../../../../H-x86_64-pc-linux-gnu/nios2-elf/lib/libc.a(lib_a-dtoa.o)
 .text.quorem   0x00000000010025d0      0x200 /opt/altera_lite/15.1/nios2eds/bin/gnu/H-x86_64-pc-linux-gnu/bin/../lib/gcc/nios2-elf/4.9.2/../../../../../H-x86_64-pc-linux-gnu/nios2-elf/lib/libc.a(lib_a-dtoa.o)
 .text._dtoa_r  0x00000000010027d0     0x1728 /opt/altera_lite/15.1/nios2eds/bin/gnu/H-x86_64-pc-linux-gnu/bin/../lib/gcc/nios2-elf/4.9.2/../../../../../H-x86_64-pc-linux-gnu/nios2-elf/lib/libc.a(lib_a-dtoa.o)
                0x00000000010027d0                _dtoa_r
 .text          0x0000000001003ef8        0x0 /opt/altera_lite/15.1/nios2eds/bin/gnu/H-x86_64-pc-linux-gnu/bin/../lib/gcc/nios2-elf/4.9.2/../../../../../H-x86_64-pc-linux-gnu/nios2-elf/lib/libc.a(lib_a-fflush.o)
 .text.__sflush_r
                0x0000000001003ef8      0x208 /opt/altera_lite/15.1/nios2eds/bin/gnu/H-x86_64-pc-linux-gnu/bin/../lib/gcc/nios2-elf/4.9.2/../../../../../H-x86_64-pc-linux-gnu/nios2-elf/lib/libc.a(lib_a-fflush.o)
                0x0000000001003ef8                __sflush_r
 .text._fflush_r
                0x0000000001004100       0x5c /opt/altera_lite/15.1/nios2eds/bin/gnu/H-x86_64-pc-linux-gnu/bin/../lib/gcc/nios2-elf/4.9.2/../../../../../H-x86_64-pc-linux-gnu/nios2-elf/lib/libc.a(lib_a-fflush.o)
                0x0000000001004100                _fflush_r
 .text.fflush   0x000000000100415c       0x30 /opt/altera_lite/15.1/nios2eds/bin/gnu/H-x86_64-pc-linux-gnu/bin/../lib/gcc/nios2-elf/4.9.2/../../../../../H-x86_64-pc-linux-gnu/nios2-elf/lib/libc.a(lib_a-fflush.o)
                0x000000000100415c                fflush
 .text          0x000000000100418c        0x0 /opt/altera_lite/15.1/nios2eds/bin/gnu/H-x86_64-pc-linux-gnu/bin/../lib/gcc/nios2-elf/4.9.2/../../../../../H-x86_64-pc-linux-gnu/nios2-elf/lib/libc.a(lib_a-findfp.o)
 .text.__fp_lock
                0x000000000100418c        0x8 /opt/altera_lite/15.1/nios2eds/bin/gnu/H-x86_64-pc-linux-gnu/bin/../lib/gcc/nios2-elf/4.9.2/../../../../../H-x86_64-pc-linux-gnu/nios2-elf/lib/libc.a(lib_a-findfp.o)
 .text.__fp_unlock
                0x0000000001004194        0x8 /opt/altera_lite/15.1/nios2eds/bin/gnu/H-x86_64-pc-linux-gnu/bin/../lib/gcc/nios2-elf/4.9.2/../../../../../H-x86_64-pc-linux-gnu/nios2-elf/lib/libc.a(lib_a-findfp.o)
 .text._cleanup_r
                0x000000000100419c        0xc /opt/altera_lite/15.1/nios2eds/bin/gnu/H-x86_64-pc-linux-gnu/bin/../lib/gcc/nios2-elf/4.9.2/../../../../../H-x86_64-pc-linux-gnu/nios2-elf/lib/libc.a(lib_a-findfp.o)
                0x000000000100419c                _cleanup_r
 .text.__sinit.part.1
                0x00000000010041a8      0x19c /opt/altera_lite/15.1/nios2eds/bin/gnu/H-x86_64-pc-linux-gnu/bin/../lib/gcc/nios2-elf/4.9.2/../../../../../H-x86_64-pc-linux-gnu/nios2-elf/lib/libc.a(lib_a-findfp.o)
 .text.__sfmoreglue
                0x0000000001004344       0x68 /opt/altera_lite/15.1/nios2eds/bin/gnu/H-x86_64-pc-linux-gnu/bin/../lib/gcc/nios2-elf/4.9.2/../../../../../H-x86_64-pc-linux-gnu/nios2-elf/lib/libc.a(lib_a-findfp.o)
                0x0000000001004344                __sfmoreglue
 .text.__sfp    0x00000000010043ac      0x118 /opt/altera_lite/15.1/nios2eds/bin/gnu/H-x86_64-pc-linux-gnu/bin/../lib/gcc/nios2-elf/4.9.2/../../../../../H-x86_64-pc-linux-gnu/nios2-elf/lib/libc.a(lib_a-findfp.o)
                0x00000000010043ac                __sfp
 .text._cleanup
                0x00000000010044c4       0x18 /opt/altera_lite/15.1/nios2eds/bin/gnu/H-x86_64-pc-linux-gnu/bin/../lib/gcc/nios2-elf/4.9.2/../../../../../H-x86_64-pc-linux-gnu/nios2-elf/lib/libc.a(lib_a-findfp.o)
                0x00000000010044c4                _cleanup
 .text.__sinit  0x00000000010044dc       0x10 /opt/altera_lite/15.1/nios2eds/bin/gnu/H-x86_64-pc-linux-gnu/bin/../lib/gcc/nios2-elf/4.9.2/../../../../../H-x86_64-pc-linux-gnu/nios2-elf/lib/libc.a(lib_a-findfp.o)
                0x00000000010044dc                __sinit
 .text.__sfp_lock_acquire
                0x00000000010044ec        0x4 /opt/altera_lite/15.1/nios2eds/bin/gnu/H-x86_64-pc-linux-gnu/bin/../lib/gcc/nios2-elf/4.9.2/../../../../../H-x86_64-pc-linux-gnu/nios2-elf/lib/libc.a(lib_a-findfp.o)
                0x00000000010044ec                __sfp_lock_acquire
 .text.__sfp_lock_release
                0x00000000010044f0        0x4 /opt/altera_lite/15.1/nios2eds/bin/gnu/H-x86_64-pc-linux-gnu/bin/../lib/gcc/nios2-elf/4.9.2/../../../../../H-x86_64-pc-linux-gnu/nios2-elf/lib/libc.a(lib_a-findfp.o)
                0x00000000010044f0                __sfp_lock_release
 .text.__sinit_lock_acquire
                0x00000000010044f4        0x4 /opt/altera_lite/15.1/nios2eds/bin/gnu/H-x86_64-pc-linux-gnu/bin/../lib/gcc/nios2-elf/4.9.2/../../../../../H-x86_64-pc-linux-gnu/nios2-elf/lib/libc.a(lib_a-findfp.o)
                0x00000000010044f4                __sinit_lock_acquire
 .text.__sinit_lock_release
                0x00000000010044f8        0x4 /opt/altera_lite/15.1/nios2eds/bin/gnu/H-x86_64-pc-linux-gnu/bin/../lib/gcc/nios2-elf/4.9.2/../../../../../H-x86_64-pc-linux-gnu/nios2-elf/lib/libc.a(lib_a-findfp.o)
                0x00000000010044f8                __sinit_lock_release
 .text.__fp_lock_all
                0x00000000010044fc       0x18 /opt/altera_lite/15.1/nios2eds/bin/gnu/H-x86_64-pc-linux-gnu/bin/../lib/gcc/nios2-elf/4.9.2/../../../../../H-x86_64-pc-linux-gnu/nios2-elf/lib/libc.a(lib_a-findfp.o)
                0x00000000010044fc                __fp_lock_all
 .text.__fp_unlock_all
                0x0000000001004514       0x18 /opt/altera_lite/15.1/nios2eds/bin/gnu/H-x86_64-pc-linux-gnu/bin/../lib/gcc/nios2-elf/4.9.2/../../../../../H-x86_64-pc-linux-gnu/nios2-elf/lib/libc.a(lib_a-findfp.o)
                0x0000000001004514                __fp_unlock_all
 .text          0x000000000100452c        0x0 /opt/altera_lite/15.1/nios2eds/bin/gnu/H-x86_64-pc-linux-gnu/bin/../lib/gcc/nios2-elf/4.9.2/../../../../../H-x86_64-pc-linux-gnu/nios2-elf/lib/libc.a(lib_a-freer.o)
 .text._malloc_trim_r
                0x000000000100452c      0x124 /opt/altera_lite/15.1/nios2eds/bin/gnu/H-x86_64-pc-linux-gnu/bin/../lib/gcc/nios2-elf/4.9.2/../../../../../H-x86_64-pc-linux-gnu/nios2-elf/lib/libc.a(lib_a-freer.o)
                0x000000000100452c                _malloc_trim_r
 .text._free_r  0x0000000001004650      0x2f0 /opt/altera_lite/15.1/nios2eds/bin/gnu/H-x86_64-pc-linux-gnu/bin/../lib/gcc/nios2-elf/4.9.2/../../../../../H-x86_64-pc-linux-gnu/nios2-elf/lib/libc.a(lib_a-freer.o)
                0x0000000001004650                _free_r
 .text          0x0000000001004940        0x0 /opt/altera_lite/15.1/nios2eds/bin/gnu/H-x86_64-pc-linux-gnu/bin/../lib/gcc/nios2-elf/4.9.2/../../../../../H-x86_64-pc-linux-gnu/nios2-elf/lib/libc.a(lib_a-fvwrite.o)
 .text.__sfvwrite_r
                0x0000000001004940      0x4c0 /opt/altera_lite/15.1/nios2eds/bin/gnu/H-x86_64-pc-linux-gnu/bin/../lib/gcc/nios2-elf/4.9.2/../../../../../H-x86_64-pc-linux-gnu/nios2-elf/lib/libc.a(lib_a-fvwrite.o)
                0x0000000001004940                __sfvwrite_r
 .text          0x0000000001004e00        0x0 /opt/altera_lite/15.1/nios2eds/bin/gnu/H-x86_64-pc-linux-gnu/bin/../lib/gcc/nios2-elf/4.9.2/../../../../../H-x86_64-pc-linux-gnu/nios2-elf/lib/libc.a(lib_a-fwalk.o)
 .text._fwalk   0x0000000001004e00       0xc4 /opt/altera_lite/15.1/nios2eds/bin/gnu/H-x86_64-pc-linux-gnu/bin/../lib/gcc/nios2-elf/4.9.2/../../../../../H-x86_64-pc-linux-gnu/nios2-elf/lib/libc.a(lib_a-fwalk.o)
                0x0000000001004e00                _fwalk
 .text._fwalk_reent
                0x0000000001004ec4       0xc4 /opt/altera_lite/15.1/nios2eds/bin/gnu/H-x86_64-pc-linux-gnu/bin/../lib/gcc/nios2-elf/4.9.2/../../../../../H-x86_64-pc-linux-gnu/nios2-elf/lib/libc.a(lib_a-fwalk.o)
                0x0000000001004ec4                _fwalk_reent
 .text          0x0000000001004f88        0x0 /opt/altera_lite/15.1/nios2eds/bin/gnu/H-x86_64-pc-linux-gnu/bin/../lib/gcc/nios2-elf/4.9.2/../../../../../H-x86_64-pc-linux-gnu/nios2-elf/lib/libc.a(lib_a-impure.o)
 .text          0x0000000001004f88        0x0 /opt/altera_lite/15.1/nios2eds/bin/gnu/H-x86_64-pc-linux-gnu/bin/../lib/gcc/nios2-elf/4.9.2/../../../../../H-x86_64-pc-linux-gnu/nios2-elf/lib/libc.a(lib_a-locale.o)
 .text._setlocale_r
                0x0000000001004f88       0x7c /opt/altera_lite/15.1/nios2eds/bin/gnu/H-x86_64-pc-linux-gnu/bin/../lib/gcc/nios2-elf/4.9.2/../../../../../H-x86_64-pc-linux-gnu/nios2-elf/lib/libc.a(lib_a-locale.o)
                0x0000000001004f88                _setlocale_r
 .text.__locale_charset
                0x0000000001005004        0xc /opt/altera_lite/15.1/nios2eds/bin/gnu/H-x86_64-pc-linux-gnu/bin/../lib/gcc/nios2-elf/4.9.2/../../../../../H-x86_64-pc-linux-gnu/nios2-elf/lib/libc.a(lib_a-locale.o)
                0x0000000001005004                __locale_charset
 .text.__locale_mb_cur_max
                0x0000000001005010       0x10 /opt/altera_lite/15.1/nios2eds/bin/gnu/H-x86_64-pc-linux-gnu/bin/../lib/gcc/nios2-elf/4.9.2/../../../../../H-x86_64-pc-linux-gnu/nios2-elf/lib/libc.a(lib_a-locale.o)
                0x0000000001005010                __locale_mb_cur_max
 .text.__locale_msgcharset
                0x0000000001005020        0xc /opt/altera_lite/15.1/nios2eds/bin/gnu/H-x86_64-pc-linux-gnu/bin/../lib/gcc/nios2-elf/4.9.2/../../../../../H-x86_64-pc-linux-gnu/nios2-elf/lib/libc.a(lib_a-locale.o)
                0x0000000001005020                __locale_msgcharset
 .text.__locale_cjk_lang
                0x000000000100502c        0x8 /opt/altera_lite/15.1/nios2eds/bin/gnu/H-x86_64-pc-linux-gnu/bin/../lib/gcc/nios2-elf/4.9.2/../../../../../H-x86_64-pc-linux-gnu/nios2-elf/lib/libc.a(lib_a-locale.o)
                0x000000000100502c                __locale_cjk_lang
 .text._localeconv_r
                0x0000000001005034        0xc /opt/altera_lite/15.1/nios2eds/bin/gnu/H-x86_64-pc-linux-gnu/bin/../lib/gcc/nios2-elf/4.9.2/../../../../../H-x86_64-pc-linux-gnu/nios2-elf/lib/libc.a(lib_a-locale.o)
                0x0000000001005034                _localeconv_r
 .text.setlocale
                0x0000000001005040       0x1c /opt/altera_lite/15.1/nios2eds/bin/gnu/H-x86_64-pc-linux-gnu/bin/../lib/gcc/nios2-elf/4.9.2/../../../../../H-x86_64-pc-linux-gnu/nios2-elf/lib/libc.a(lib_a-locale.o)
                0x0000000001005040                setlocale
 .text.localeconv
                0x000000000100505c        0xc /opt/altera_lite/15.1/nios2eds/bin/gnu/H-x86_64-pc-linux-gnu/bin/../lib/gcc/nios2-elf/4.9.2/../../../../../H-x86_64-pc-linux-gnu/nios2-elf/lib/libc.a(lib_a-locale.o)
                0x000000000100505c                localeconv
 .text          0x0000000001005068        0x0 /opt/altera_lite/15.1/nios2eds/bin/gnu/H-x86_64-pc-linux-gnu/bin/../lib/gcc/nios2-elf/4.9.2/../../../../../H-x86_64-pc-linux-gnu/nios2-elf/lib/libc.a(lib_a-makebuf.o)
 .text.__smakebuf_r
                0x0000000001005068      0x1b8 /opt/altera_lite/15.1/nios2eds/bin/gnu/H-x86_64-pc-linux-gnu/bin/../lib/gcc/nios2-elf/4.9.2/../../../../../H-x86_64-pc-linux-gnu/nios2-elf/lib/libc.a(lib_a-makebuf.o)
                0x0000000001005068                __smakebuf_r
 .text          0x0000000001005220        0x0 /opt/altera_lite/15.1/nios2eds/bin/gnu/H-x86_64-pc-linux-gnu/bin/../lib/gcc/nios2-elf/4.9.2/../../../../../H-x86_64-pc-linux-gnu/nios2-elf/lib/libc.a(lib_a-mallocr.o)
 .text._malloc_r
                0x0000000001005220      0x7a8 /opt/altera_lite/15.1/nios2eds/bin/gnu/H-x86_64-pc-linux-gnu/bin/../lib/gcc/nios2-elf/4.9.2/../../../../../H-x86_64-pc-linux-gnu/nios2-elf/lib/libc.a(lib_a-mallocr.o)
                0x0000000001005220                _malloc_r
 .text          0x00000000010059c8        0x0 /opt/altera_lite/15.1/nios2eds/bin/gnu/H-x86_64-pc-linux-gnu/bin/../lib/gcc/nios2-elf/4.9.2/../../../../../H-x86_64-pc-linux-gnu/nios2-elf/lib/libc.a(lib_a-memchr.o)
 .text.memchr   0x00000000010059c8       0xe8 /opt/altera_lite/15.1/nios2eds/bin/gnu/H-x86_64-pc-linux-gnu/bin/../lib/gcc/nios2-elf/4.9.2/../../../../../H-x86_64-pc-linux-gnu/nios2-elf/lib/libc.a(lib_a-memchr.o)
                0x00000000010059c8                memchr
 .text          0x0000000001005ab0        0x0 /opt/altera_lite/15.1/nios2eds/bin/gnu/H-x86_64-pc-linux-gnu/bin/../lib/gcc/nios2-elf/4.9.2/../../../../../H-x86_64-pc-linux-gnu/nios2-elf/lib/libc.a(lib_a-memcpy.o)
 .text.memcpy   0x0000000001005ab0      0x138 /opt/altera_lite/15.1/nios2eds/bin/gnu/H-x86_64-pc-linux-gnu/bin/../lib/gcc/nios2-elf/4.9.2/../../../../../H-x86_64-pc-linux-gnu/nios2-elf/lib/libc.a(lib_a-memcpy.o)
                0x0000000001005ab0                memcpy
 .text          0x0000000001005be8        0x0 /opt/altera_lite/15.1/nios2eds/bin/gnu/H-x86_64-pc-linux-gnu/bin/../lib/gcc/nios2-elf/4.9.2/../../../../../H-x86_64-pc-linux-gnu/nios2-elf/lib/libc.a(lib_a-memmove.o)
 .text.memmove  0x0000000001005be8      0x15c /opt/altera_lite/15.1/nios2eds/bin/gnu/H-x86_64-pc-linux-gnu/bin/../lib/gcc/nios2-elf/4.9.2/../../../../../H-x86_64-pc-linux-gnu/nios2-elf/lib/libc.a(lib_a-memmove.o)
                0x0000000001005be8                memmove
 .text          0x0000000001005d44        0x0 /opt/altera_lite/15.1/nios2eds/bin/gnu/H-x86_64-pc-linux-gnu/bin/../lib/gcc/nios2-elf/4.9.2/../../../../../H-x86_64-pc-linux-gnu/nios2-elf/lib/libc.a(lib_a-memset.o)
 .text.memset   0x0000000001005d44      0x124 /opt/altera_lite/15.1/nios2eds/bin/gnu/H-x86_64-pc-linux-gnu/bin/../lib/gcc/nios2-elf/4.9.2/../../../../../H-x86_64-pc-linux-gnu/nios2-elf/lib/libc.a(lib_a-memset.o)
                0x0000000001005d44                memset
 .text          0x0000000001005e68        0x0 /opt/altera_lite/15.1/nios2eds/bin/gnu/H-x86_64-pc-linux-gnu/bin/../lib/gcc/nios2-elf/4.9.2/../../../../../H-x86_64-pc-linux-gnu/nios2-elf/lib/libc.a(lib_a-mprec.o)
 .text._Balloc  0x0000000001005e68       0xa8 /opt/altera_lite/15.1/nios2eds/bin/gnu/H-x86_64-pc-linux-gnu/bin/../lib/gcc/nios2-elf/4.9.2/../../../../../H-x86_64-pc-linux-gnu/nios2-elf/lib/libc.a(lib_a-mprec.o)
                0x0000000001005e68                _Balloc
 .text._Bfree   0x0000000001005f10       0x28 /opt/altera_lite/15.1/nios2eds/bin/gnu/H-x86_64-pc-linux-gnu/bin/../lib/gcc/nios2-elf/4.9.2/../../../../../H-x86_64-pc-linux-gnu/nios2-elf/lib/libc.a(lib_a-mprec.o)
                0x0000000001005f10                _Bfree
 .text.__multadd
                0x0000000001005f38      0x120 /opt/altera_lite/15.1/nios2eds/bin/gnu/H-x86_64-pc-linux-gnu/bin/../lib/gcc/nios2-elf/4.9.2/../../../../../H-x86_64-pc-linux-gnu/nios2-elf/lib/libc.a(lib_a-mprec.o)
                0x0000000001005f38                __multadd
 .text.__s2b    0x0000000001006058      0x104 /opt/altera_lite/15.1/nios2eds/bin/gnu/H-x86_64-pc-linux-gnu/bin/../lib/gcc/nios2-elf/4.9.2/../../../../../H-x86_64-pc-linux-gnu/nios2-elf/lib/libc.a(lib_a-mprec.o)
                0x0000000001006058                __s2b
 .text.__hi0bits
                0x000000000100615c       0x68 /opt/altera_lite/15.1/nios2eds/bin/gnu/H-x86_64-pc-linux-gnu/bin/../lib/gcc/nios2-elf/4.9.2/../../../../../H-x86_64-pc-linux-gnu/nios2-elf/lib/libc.a(lib_a-mprec.o)
                0x000000000100615c                __hi0bits
 .text.__lo0bits
                0x00000000010061c4       0xb0 /opt/altera_lite/15.1/nios2eds/bin/gnu/H-x86_64-pc-linux-gnu/bin/../lib/gcc/nios2-elf/4.9.2/../../../../../H-x86_64-pc-linux-gnu/nios2-elf/lib/libc.a(lib_a-mprec.o)
                0x00000000010061c4                __lo0bits
 .text.__i2b    0x0000000001006274       0x3c /opt/altera_lite/15.1/nios2eds/bin/gnu/H-x86_64-pc-linux-gnu/bin/../lib/gcc/nios2-elf/4.9.2/../../../../../H-x86_64-pc-linux-gnu/nios2-elf/lib/libc.a(lib_a-mprec.o)
                0x0000000001006274                __i2b
 .text.__multiply
                0x00000000010062b0      0x1fc /opt/altera_lite/15.1/nios2eds/bin/gnu/H-x86_64-pc-linux-gnu/bin/../lib/gcc/nios2-elf/4.9.2/../../../../../H-x86_64-pc-linux-gnu/nios2-elf/lib/libc.a(lib_a-mprec.o)
                0x00000000010062b0                __multiply
 .text.__pow5mult
                0x00000000010064ac      0x140 /opt/altera_lite/15.1/nios2eds/bin/gnu/H-x86_64-pc-linux-gnu/bin/../lib/gcc/nios2-elf/4.9.2/../../../../../H-x86_64-pc-linux-gnu/nios2-elf/lib/libc.a(lib_a-mprec.o)
                0x00000000010064ac                __pow5mult
 .text.__lshift
                0x00000000010065ec      0x150 /opt/altera_lite/15.1/nios2eds/bin/gnu/H-x86_64-pc-linux-gnu/bin/../lib/gcc/nios2-elf/4.9.2/../../../../../H-x86_64-pc-linux-gnu/nios2-elf/lib/libc.a(lib_a-mprec.o)
                0x00000000010065ec                __lshift
 .text.__mcmp   0x000000000100673c       0x60 /opt/altera_lite/15.1/nios2eds/bin/gnu/H-x86_64-pc-linux-gnu/bin/../lib/gcc/nios2-elf/4.9.2/../../../../../H-x86_64-pc-linux-gnu/nios2-elf/lib/libc.a(lib_a-mprec.o)
                0x000000000100673c                __mcmp
 .text.__mdiff  0x000000000100679c      0x198 /opt/altera_lite/15.1/nios2eds/bin/gnu/H-x86_64-pc-linux-gnu/bin/../lib/gcc/nios2-elf/4.9.2/../../../../../H-x86_64-pc-linux-gnu/nios2-elf/lib/libc.a(lib_a-mprec.o)
                0x000000000100679c                __mdiff
 .text.__ulp    0x0000000001006934       0x60 /opt/altera_lite/15.1/nios2eds/bin/gnu/H-x86_64-pc-linux-gnu/bin/../lib/gcc/nios2-elf/4.9.2/../../../../../H-x86_64-pc-linux-gnu/nios2-elf/lib/libc.a(lib_a-mprec.o)
                0x0000000001006934                __ulp
 .text.__b2d    0x0000000001006994      0x11c /opt/altera_lite/15.1/nios2eds/bin/gnu/H-x86_64-pc-linux-gnu/bin/../lib/gcc/nios2-elf/4.9.2/../../../../../H-x86_64-pc-linux-gnu/nios2-elf/lib/libc.a(lib_a-mprec.o)
                0x0000000001006994                __b2d
 .text.__d2b    0x0000000001006ab0      0x13c /opt/altera_lite/15.1/nios2eds/bin/gnu/H-x86_64-pc-linux-gnu/bin/../lib/gcc/nios2-elf/4.9.2/../../../../../H-x86_64-pc-linux-gnu/nios2-elf/lib/libc.a(lib_a-mprec.o)
                0x0000000001006ab0                __d2b
 .text.__ratio  0x0000000001006bec       0xa4 /opt/altera_lite/15.1/nios2eds/bin/gnu/H-x86_64-pc-linux-gnu/bin/../lib/gcc/nios2-elf/4.9.2/../../../../../H-x86_64-pc-linux-gnu/nios2-elf/lib/libc.a(lib_a-mprec.o)
                0x0000000001006bec                __ratio
 .text._mprec_log10
                0x0000000001006c90       0x74 /opt/altera_lite/15.1/nios2eds/bin/gnu/H-x86_64-pc-linux-gnu/bin/../lib/gcc/nios2-elf/4.9.2/../../../../../H-x86_64-pc-linux-gnu/nios2-elf/lib/libc.a(lib_a-mprec.o)
                0x0000000001006c90                _mprec_log10
 .text.__copybits
                0x0000000001006d04       0x78 /opt/altera_lite/15.1/nios2eds/bin/gnu/H-x86_64-pc-linux-gnu/bin/../lib/gcc/nios2-elf/4.9.2/../../../../../H-x86_64-pc-linux-gnu/nios2-elf/lib/libc.a(lib_a-mprec.o)
                0x0000000001006d04                __copybits
 .text.__any_on
                0x0000000001006d7c       0x8c /opt/altera_lite/15.1/nios2eds/bin/gnu/H-x86_64-pc-linux-gnu/bin/../lib/gcc/nios2-elf/4.9.2/../../../../../H-x86_64-pc-linux-gnu/nios2-elf/lib/libc.a(lib_a-mprec.o)
                0x0000000001006d7c                __any_on
 .text          0x0000000001006e08        0x0 /opt/altera_lite/15.1/nios2eds/bin/gnu/H-x86_64-pc-linux-gnu/bin/../lib/gcc/nios2-elf/4.9.2/../../../../../H-x86_64-pc-linux-gnu/nios2-elf/lib/libc.a(lib_a-reallocr.o)
 .text._realloc_r
                0x0000000001006e08      0x568 /opt/altera_lite/15.1/nios2eds/bin/gnu/H-x86_64-pc-linux-gnu/bin/../lib/gcc/nios2-elf/4.9.2/../../../../../H-x86_64-pc-linux-gnu/nios2-elf/lib/libc.a(lib_a-reallocr.o)
                0x0000000001006e08                _realloc_r
 .text          0x0000000001007370        0x0 /opt/altera_lite/15.1/nios2eds/bin/gnu/H-x86_64-pc-linux-gnu/bin/../lib/gcc/nios2-elf/4.9.2/../../../../../H-x86_64-pc-linux-gnu/nios2-elf/lib/libc.a(lib_a-s_fpclassify.o)
 .text.__fpclassifyd
                0x0000000001007370       0x74 /opt/altera_lite/15.1/nios2eds/bin/gnu/H-x86_64-pc-linux-gnu/bin/../lib/gcc/nios2-elf/4.9.2/../../../../../H-x86_64-pc-linux-gnu/nios2-elf/lib/libc.a(lib_a-s_fpclassify.o)
                0x0000000001007370                __fpclassifyd
 .text          0x00000000010073e4        0x0 /opt/altera_lite/15.1/nios2eds/bin/gnu/H-x86_64-pc-linux-gnu/bin/../lib/gcc/nios2-elf/4.9.2/../../../../../H-x86_64-pc-linux-gnu/nios2-elf/lib/libc.a(lib_a-sbrkr.o)
 .text._sbrk_r  0x00000000010073e4       0x54 /opt/altera_lite/15.1/nios2eds/bin/gnu/H-x86_64-pc-linux-gnu/bin/../lib/gcc/nios2-elf/4.9.2/../../../../../H-x86_64-pc-linux-gnu/nios2-elf/lib/libc.a(lib_a-sbrkr.o)
                0x00000000010073e4                _sbrk_r
 .text          0x0000000001007438        0x0 /opt/altera_lite/15.1/nios2eds/bin/gnu/H-x86_64-pc-linux-gnu/bin/../lib/gcc/nios2-elf/4.9.2/../../../../../H-x86_64-pc-linux-gnu/nios2-elf/lib/libc.a(lib_a-stdio.o)
 .text.__sread  0x0000000001007438       0x54 /opt/altera_lite/15.1/nios2eds/bin/gnu/H-x86_64-pc-linux-gnu/bin/../lib/gcc/nios2-elf/4.9.2/../../../../../H-x86_64-pc-linux-gnu/nios2-elf/lib/libc.a(lib_a-stdio.o)
                0x0000000001007438                __sread
 .text.__seofread
                0x000000000100748c        0x8 /opt/altera_lite/15.1/nios2eds/bin/gnu/H-x86_64-pc-linux-gnu/bin/../lib/gcc/nios2-elf/4.9.2/../../../../../H-x86_64-pc-linux-gnu/nios2-elf/lib/libc.a(lib_a-stdio.o)
                0x000000000100748c                __seofread
 .text.__swrite
                0x0000000001007494       0x7c /opt/altera_lite/15.1/nios2eds/bin/gnu/H-x86_64-pc-linux-gnu/bin/../lib/gcc/nios2-elf/4.9.2/../../../../../H-x86_64-pc-linux-gnu/nios2-elf/lib/libc.a(lib_a-stdio.o)
                0x0000000001007494                __swrite
 .text.__sseek  0x0000000001007510       0x5c /opt/altera_lite/15.1/nios2eds/bin/gnu/H-x86_64-pc-linux-gnu/bin/../lib/gcc/nios2-elf/4.9.2/../../../../../H-x86_64-pc-linux-gnu/nios2-elf/lib/libc.a(lib_a-stdio.o)
                0x0000000001007510                __sseek
 .text.__sclose
                0x000000000100756c        0x8 /opt/altera_lite/15.1/nios2eds/bin/gnu/H-x86_64-pc-linux-gnu/bin/../lib/gcc/nios2-elf/4.9.2/../../../../../H-x86_64-pc-linux-gnu/nios2-elf/lib/libc.a(lib_a-stdio.o)
                0x000000000100756c                __sclose
 .text          0x0000000001007574        0x0 /opt/altera_lite/15.1/nios2eds/bin/gnu/H-x86_64-pc-linux-gnu/bin/../lib/gcc/nios2-elf/4.9.2/../../../../../H-x86_64-pc-linux-gnu/nios2-elf/lib/libc.a(lib_a-strcmp.o)
 .text.strcmp   0x0000000001007574       0xa4 /opt/altera_lite/15.1/nios2eds/bin/gnu/H-x86_64-pc-linux-gnu/bin/../lib/gcc/nios2-elf/4.9.2/../../../../../H-x86_64-pc-linux-gnu/nios2-elf/lib/libc.a(lib_a-strcmp.o)
                0x0000000001007574                strcmp
 .text          0x0000000001007618        0x0 /opt/altera_lite/15.1/nios2eds/bin/gnu/H-x86_64-pc-linux-gnu/bin/../lib/gcc/nios2-elf/4.9.2/../../../../../H-x86_64-pc-linux-gnu/nios2-elf/lib/libc.a(lib_a-vfiprintf.o)
 .text.__sprint_r.part.0
                0x0000000001007618       0xfc /opt/altera_lite/15.1/nios2eds/bin/gnu/H-x86_64-pc-linux-gnu/bin/../lib/gcc/nios2-elf/4.9.2/../../../../../H-x86_64-pc-linux-gnu/nios2-elf/lib/libc.a(lib_a-vfiprintf.o)
 .text.__sprint_r
                0x0000000001007714       0x18 /opt/altera_lite/15.1/nios2eds/bin/gnu/H-x86_64-pc-linux-gnu/bin/../lib/gcc/nios2-elf/4.9.2/../../../../../H-x86_64-pc-linux-gnu/nios2-elf/lib/libc.a(lib_a-vfiprintf.o)
                0x0000000001007714                __sprint_r
 .text.___vfiprintf_internal_r
                0x000000000100772c     0x12d0 /opt/altera_lite/15.1/nios2eds/bin/gnu/H-x86_64-pc-linux-gnu/bin/../lib/gcc/nios2-elf/4.9.2/../../../../../H-x86_64-pc-linux-gnu/nios2-elf/lib/libc.a(lib_a-vfiprintf.o)
                0x000000000100772c                ___vfiprintf_internal_r
 .text.__vfiprintf_internal
                0x00000000010089fc       0x24 /opt/altera_lite/15.1/nios2eds/bin/gnu/H-x86_64-pc-linux-gnu/bin/../lib/gcc/nios2-elf/4.9.2/../../../../../H-x86_64-pc-linux-gnu/nios2-elf/lib/libc.a(lib_a-vfiprintf.o)
                0x00000000010089fc                __vfiprintf_internal
 .text.__sbprintf
                0x0000000001008a20       0xbc /opt/altera_lite/15.1/nios2eds/bin/gnu/H-x86_64-pc-linux-gnu/bin/../lib/gcc/nios2-elf/4.9.2/../../../../../H-x86_64-pc-linux-gnu/nios2-elf/lib/libc.a(lib_a-vfiprintf.o)
 .text          0x0000000001008adc        0x0 /opt/altera_lite/15.1/nios2eds/bin/gnu/H-x86_64-pc-linux-gnu/bin/../lib/gcc/nios2-elf/4.9.2/../../../../../H-x86_64-pc-linux-gnu/nios2-elf/lib/libc.a(lib_a-writer.o)
 .text._write_r
                0x0000000001008adc       0x5c /opt/altera_lite/15.1/nios2eds/bin/gnu/H-x86_64-pc-linux-gnu/bin/../lib/gcc/nios2-elf/4.9.2/../../../../../H-x86_64-pc-linux-gnu/nios2-elf/lib/libc.a(lib_a-writer.o)
                0x0000000001008adc                _write_r
 .text          0x0000000001008b38        0x0 /opt/altera_lite/15.1/nios2eds/bin/gnu/H-x86_64-pc-linux-gnu/bin/../lib/gcc/nios2-elf/4.9.2/../../../../../H-x86_64-pc-linux-gnu/nios2-elf/lib/libc.a(closer.o)
 .text._close_r
                0x0000000001008b38       0x54 /opt/altera_lite/15.1/nios2eds/bin/gnu/H-x86_64-pc-linux-gnu/bin/../lib/gcc/nios2-elf/4.9.2/../../../../../H-x86_64-pc-linux-gnu/nios2-elf/lib/libc.a(closer.o)
                0x0000000001008b38                _close_r
 .text          0x0000000001008b8c        0x0 /opt/altera_lite/15.1/nios2eds/bin/gnu/H-x86_64-pc-linux-gnu/bin/../lib/gcc/nios2-elf/4.9.2/../../../../../H-x86_64-pc-linux-gnu/nios2-elf/lib/libc.a(lib_a-callocr.o)
 .text._calloc_r
                0x0000000001008b8c       0xc4 /opt/altera_lite/15.1/nios2eds/bin/gnu/H-x86_64-pc-linux-gnu/bin/../lib/gcc/nios2-elf/4.9.2/../../../../../H-x86_64-pc-linux-gnu/nios2-elf/lib/libc.a(lib_a-callocr.o)
                0x0000000001008b8c                _calloc_r
 .text          0x0000000001008c50        0x0 /opt/altera_lite/15.1/nios2eds/bin/gnu/H-x86_64-pc-linux-gnu/bin/../lib/gcc/nios2-elf/4.9.2/../../../../../H-x86_64-pc-linux-gnu/nios2-elf/lib/libc.a(lib_a-fclose.o)
 .text._fclose_r
                0x0000000001008c50       0xf0 /opt/altera_lite/15.1/nios2eds/bin/gnu/H-x86_64-pc-linux-gnu/bin/../lib/gcc/nios2-elf/4.9.2/../../../../../H-x86_64-pc-linux-gnu/nios2-elf/lib/libc.a(lib_a-fclose.o)
                0x0000000001008c50                _fclose_r
 .text.fclose   0x0000000001008d40       0x14 /opt/altera_lite/15.1/nios2eds/bin/gnu/H-x86_64-pc-linux-gnu/bin/../lib/gcc/nios2-elf/4.9.2/../../../../../H-x86_64-pc-linux-gnu/nios2-elf/lib/libc.a(lib_a-fclose.o)
                0x0000000001008d40                fclose
 .text          0x0000000001008d54        0x0 /opt/altera_lite/15.1/nios2eds/bin/gnu/H-x86_64-pc-linux-gnu/bin/../lib/gcc/nios2-elf/4.9.2/../../../../../H-x86_64-pc-linux-gnu/nios2-elf/lib/libc.a(lib_a-fputwc.o)
 .text._fputwc_r
                0x0000000001008d54      0x184 /opt/altera_lite/15.1/nios2eds/bin/gnu/H-x86_64-pc-linux-gnu/bin/../lib/gcc/nios2-elf/4.9.2/../../../../../H-x86_64-pc-linux-gnu/nios2-elf/lib/libc.a(lib_a-fputwc.o)
                0x0000000001008d54                _fputwc_r
 .text.fputwc   0x0000000001008ed8       0x5c /opt/altera_lite/15.1/nios2eds/bin/gnu/H-x86_64-pc-linux-gnu/bin/../lib/gcc/nios2-elf/4.9.2/../../../../../H-x86_64-pc-linux-gnu/nios2-elf/lib/libc.a(lib_a-fputwc.o)
                0x0000000001008ed8                fputwc
 .text          0x0000000001008f34        0x0 /opt/altera_lite/15.1/nios2eds/bin/gnu/H-x86_64-pc-linux-gnu/bin/../lib/gcc/nios2-elf/4.9.2/../../../../../H-x86_64-pc-linux-gnu/nios2-elf/lib/libc.a(lib_a-fstatr.o)
 .text._fstat_r
                0x0000000001008f34       0x58 /opt/altera_lite/15.1/nios2eds/bin/gnu/H-x86_64-pc-linux-gnu/bin/../lib/gcc/nios2-elf/4.9.2/../../../../../H-x86_64-pc-linux-gnu/nios2-elf/lib/libc.a(lib_a-fstatr.o)
                0x0000000001008f34                _fstat_r
 .text          0x0000000001008f8c        0x0 /opt/altera_lite/15.1/nios2eds/bin/gnu/H-x86_64-pc-linux-gnu/bin/../lib/gcc/nios2-elf/4.9.2/../../../../../H-x86_64-pc-linux-gnu/nios2-elf/lib/libc.a(lib_a-int_errno.o)
 .text          0x0000000001008f8c        0x0 /opt/altera_lite/15.1/nios2eds/bin/gnu/H-x86_64-pc-linux-gnu/bin/../lib/gcc/nios2-elf/4.9.2/../../../../../H-x86_64-pc-linux-gnu/nios2-elf/lib/libc.a(lib_a-isattyr.o)
 .text._isatty_r
                0x0000000001008f8c       0x54 /opt/altera_lite/15.1/nios2eds/bin/gnu/H-x86_64-pc-linux-gnu/bin/../lib/gcc/nios2-elf/4.9.2/../../../../../H-x86_64-pc-linux-gnu/nios2-elf/lib/libc.a(lib_a-isattyr.o)
                0x0000000001008f8c                _isatty_r
 .text          0x0000000001008fe0        0x0 /opt/altera_lite/15.1/nios2eds/bin/gnu/H-x86_64-pc-linux-gnu/bin/../lib/gcc/nios2-elf/4.9.2/../../../../../H-x86_64-pc-linux-gnu/nios2-elf/lib/libc.a(lib_a-lseekr.o)
 .text._lseek_r
                0x0000000001008fe0       0x5c /opt/altera_lite/15.1/nios2eds/bin/gnu/H-x86_64-pc-linux-gnu/bin/../lib/gcc/nios2-elf/4.9.2/../../../../../H-x86_64-pc-linux-gnu/nios2-elf/lib/libc.a(lib_a-lseekr.o)
                0x0000000001008fe0                _lseek_r
 .text          0x000000000100903c        0x0 /opt/altera_lite/15.1/nios2eds/bin/gnu/H-x86_64-pc-linux-gnu/bin/../lib/gcc/nios2-elf/4.9.2/../../../../../H-x86_64-pc-linux-gnu/nios2-elf/lib/libc.a(lib_a-readr.o)
 .text._read_r  0x000000000100903c       0x5c /opt/altera_lite/15.1/nios2eds/bin/gnu/H-x86_64-pc-linux-gnu/bin/../lib/gcc/nios2-elf/4.9.2/../../../../../H-x86_64-pc-linux-gnu/nios2-elf/lib/libc.a(lib_a-readr.o)
                0x000000000100903c                _read_r
 .text          0x0000000001009098        0x0 /opt/altera_lite/15.1/nios2eds/bin/gnu/H-x86_64-pc-linux-gnu/bin/../lib/gcc/nios2-elf/4.9.2/../../../../../H-x86_64-pc-linux-gnu/nios2-elf/lib/libc.a(lib_a-wbuf.o)
 .text.__swbuf_r
                0x0000000001009098      0x138 /opt/altera_lite/15.1/nios2eds/bin/gnu/H-x86_64-pc-linux-gnu/bin/../lib/gcc/nios2-elf/4.9.2/../../../../../H-x86_64-pc-linux-gnu/nios2-elf/lib/libc.a(lib_a-wbuf.o)
                0x0000000001009098                __swbuf_r
 .text.__swbuf  0x00000000010091d0       0x1c /opt/altera_lite/15.1/nios2eds/bin/gnu/H-x86_64-pc-linux-gnu/bin/../lib/gcc/nios2-elf/4.9.2/../../../../../H-x86_64-pc-linux-gnu/nios2-elf/lib/libc.a(lib_a-wbuf.o)
                0x00000000010091d0                __swbuf
 .text          0x00000000010091ec        0x0 /opt/altera_lite/15.1/nios2eds/bin/gnu/H-x86_64-pc-linux-gnu/bin/../lib/gcc/nios2-elf/4.9.2/../../../../../H-x86_64-pc-linux-gnu/nios2-elf/lib/libc.a(lib_a-wcrtomb.o)
 .text._wcrtomb_r
                0x00000000010091ec       0x9c /opt/altera_lite/15.1/nios2eds/bin/gnu/H-x86_64-pc-linux-gnu/bin/../lib/gcc/nios2-elf/4.9.2/../../../../../H-x86_64-pc-linux-gnu/nios2-elf/lib/libc.a(lib_a-wcrtomb.o)
                0x00000000010091ec                _wcrtomb_r
 .text.wcrtomb  0x0000000001009288       0xc0 /opt/altera_lite/15.1/nios2eds/bin/gnu/H-x86_64-pc-linux-gnu/bin/../lib/gcc/nios2-elf/4.9.2/../../../../../H-x86_64-pc-linux-gnu/nios2-elf/lib/libc.a(lib_a-wcrtomb.o)
                0x0000000001009288                wcrtomb
 .text          0x0000000001009348        0x0 /opt/altera_lite/15.1/nios2eds/bin/gnu/H-x86_64-pc-linux-gnu/bin/../lib/gcc/nios2-elf/4.9.2/../../../../../H-x86_64-pc-linux-gnu/nios2-elf/lib/libc.a(lib_a-wctomb_r.o)
 .text.__ascii_wctomb
                0x0000000001009348       0x30 /opt/altera_lite/15.1/nios2eds/bin/gnu/H-x86_64-pc-linux-gnu/bin/../lib/gcc/nios2-elf/4.9.2/../../../../../H-x86_64-pc-linux-gnu/nios2-elf/lib/libc.a(lib_a-wctomb_r.o)
                0x0000000001009348                __ascii_wctomb
 .text._wctomb_r
                0x0000000001009378       0x5c /opt/altera_lite/15.1/nios2eds/bin/gnu/H-x86_64-pc-linux-gnu/bin/../lib/gcc/nios2-elf/4.9.2/../../../../../H-x86_64-pc-linux-gnu/nios2-elf/lib/libc.a(lib_a-wctomb_r.o)
                0x0000000001009378                _wctomb_r
 .text          0x00000000010093d4      0x5c0 /opt/altera_lite/15.1/nios2eds/bin/gnu/H-x86_64-pc-linux-gnu/bin/../lib/gcc/nios2-elf/4.9.2/libgcc.a(_udivdi3.o)
                0x00000000010093d4                __udivdi3
 .text          0x0000000001009994      0x590 /opt/altera_lite/15.1/nios2eds/bin/gnu/H-x86_64-pc-linux-gnu/bin/../lib/gcc/nios2-elf/4.9.2/libgcc.a(_umoddi3.o)
                0x0000000001009994                __umoddi3
 .text          0x0000000001009f24      0x12c /opt/altera_lite/15.1/nios2eds/bin/gnu/H-x86_64-pc-linux-gnu/bin/../lib/gcc/nios2-elf/4.9.2/libgcc.a(lib2-divmod.o)
                0x0000000001009f90                __divsi3
                0x0000000001009fe4                __modsi3
                0x000000000100a040                __udivsi3
                0x000000000100a048                __umodsi3
 .text          0x000000000100a050      0x89c /opt/altera_lite/15.1/nios2eds/bin/gnu/H-x86_64-pc-linux-gnu/bin/../lib/gcc/nios2-elf/4.9.2/libgcc.a(adddf3.o)
                0x000000000100a050                __adddf3
 .text          0x000000000100a8ec      0x8cc /opt/altera_lite/15.1/nios2eds/bin/gnu/H-x86_64-pc-linux-gnu/bin/../lib/gcc/nios2-elf/4.9.2/libgcc.a(divdf3.o)
                0x000000000100a8ec                __divdf3
 .text          0x000000000100b1b8       0x84 /opt/altera_lite/15.1/nios2eds/bin/gnu/H-x86_64-pc-linux-gnu/bin/../lib/gcc/nios2-elf/4.9.2/libgcc.a(eqdf2.o)
                0x000000000100b1b8                __eqdf2
                0x000000000100b1b8                __nedf2
 .text          0x000000000100b23c       0xe0 /opt/altera_lite/15.1/nios2eds/bin/gnu/H-x86_64-pc-linux-gnu/bin/../lib/gcc/nios2-elf/4.9.2/libgcc.a(gedf2.o)
                0x000000000100b23c                __gtdf2
                0x000000000100b23c                __gedf2
 .text          0x000000000100b31c       0xe0 /opt/altera_lite/15.1/nios2eds/bin/gnu/H-x86_64-pc-linux-gnu/bin/../lib/gcc/nios2-elf/4.9.2/libgcc.a(ledf2.o)
                0x000000000100b31c                __ltdf2
                0x000000000100b31c                __ledf2
 .text          0x000000000100b3fc      0x724 /opt/altera_lite/15.1/nios2eds/bin/gnu/H-x86_64-pc-linux-gnu/bin/../lib/gcc/nios2-elf/4.9.2/libgcc.a(muldf3.o)
                0x000000000100b3fc                __muldf3
 .text          0x000000000100bb20      0x8d0 /opt/altera_lite/15.1/nios2eds/bin/gnu/H-x86_64-pc-linux-gnu/bin/../lib/gcc/nios2-elf/4.9.2/libgcc.a(subdf3.o)
                0x000000000100bb20                __subdf3
 .text          0x000000000100c3f0       0x88 /opt/altera_lite/15.1/nios2eds/bin/gnu/H-x86_64-pc-linux-gnu/bin/../lib/gcc/nios2-elf/4.9.2/libgcc.a(fixdfsi.o)
                0x000000000100c3f0                __fixdfsi
 .text          0x000000000100c478       0xd0 /opt/altera_lite/15.1/nios2eds/bin/gnu/H-x86_64-pc-linux-gnu/bin/../lib/gcc/nios2-elf/4.9.2/libgcc.a(floatsidf.o)
                0x000000000100c478                __floatsidf
 .text          0x000000000100c548       0xa4 /opt/altera_lite/15.1/nios2eds/bin/gnu/H-x86_64-pc-linux-gnu/bin/../lib/gcc/nios2-elf/4.9.2/libgcc.a(floatunsidf.o)
                0x000000000100c548                __floatunsidf
 .text          0x000000000100c5ec        0x0 /opt/altera_lite/15.1/nios2eds/bin/gnu/H-x86_64-pc-linux-gnu/bin/../lib/gcc/nios2-elf/4.9.2/libgcc.a(_clz.o)
 .text          0x000000000100c5ec       0x64 /opt/altera_lite/15.1/nios2eds/bin/gnu/H-x86_64-pc-linux-gnu/bin/../lib/gcc/nios2-elf/4.9.2/libgcc.a(_clzsi2.o)
                0x000000000100c5ec                __clzsi2
 .text          0x000000000100c650      0x120 ../led_counter_bsp//libhal_bsp.a(alt_close.o)
                0x000000000100c6a0                close
 .text          0x000000000100c770       0x2c ../led_counter_bsp//libhal_bsp.a(alt_dev.o)
 .text          0x000000000100c79c        0x0 ../led_counter_bsp//libhal_bsp.a(alt_errno.o)
 .text          0x000000000100c79c      0x100 ../led_counter_bsp//libhal_bsp.a(alt_fstat.o)
                0x000000000100c7ec                fstat
 .text          0x000000000100c89c       0xf4 ../led_counter_bsp//libhal_bsp.a(alt_isatty.o)
                0x000000000100c8ec                isatty
 .text          0x000000000100c990       0xe4 ../led_counter_bsp//libhal_bsp.a(alt_load.o)
                0x000000000100c9f4                alt_load
 .text          0x000000000100ca74      0x124 ../led_counter_bsp//libhal_bsp.a(alt_lseek.o)
                0x000000000100cac4                lseek
 .text          0x000000000100cb98       0x78 ../led_counter_bsp//libhal_bsp.a(alt_main.o)
                0x000000000100cb98                alt_main
 .text          0x000000000100cc10       0x40 ../led_counter_bsp//libhal_bsp.a(alt_malloc_lock.o)
                0x000000000100cc10                __malloc_lock
                0x000000000100cc30                __malloc_unlock
 .text          0x000000000100cc50      0x14c ../led_counter_bsp//libhal_bsp.a(alt_read.o)
                0x000000000100cca0                read
 .text          0x000000000100cd9c       0x60 ../led_counter_bsp//libhal_bsp.a(alt_release_fd.o)
                0x000000000100cd9c                alt_release_fd
 .text          0x000000000100cdfc       0xb0 ../led_counter_bsp//libhal_bsp.a(alt_sbrk.o)
                0x000000000100cdfc                sbrk
 .text          0x000000000100ceac      0x148 ../led_counter_bsp//libhal_bsp.a(alt_write.o)
                0x000000000100cefc                write
 .text          0x000000000100cff4       0xb4 ../led_counter_bsp//libhal_bsp.a(alt_sys_init.o)
                0x000000000100d02c                alt_irq_init
                0x000000000100d060                alt_sys_init
 .text          0x000000000100d0a8      0x164 ../led_counter_bsp//libhal_bsp.a(altera_avalon_jtag_uart_fd.o)
                0x000000000100d0a8                altera_avalon_jtag_uart_read_fd
                0x000000000100d108                altera_avalon_jtag_uart_write_fd
                0x000000000100d168                altera_avalon_jtag_uart_close_fd
                0x000000000100d1b8                altera_avalon_jtag_uart_ioctl_fd
 .text          0x000000000100d20c      0x3d8 ../led_counter_bsp//libhal_bsp.a(altera_avalon_jtag_uart_init.o)
                0x000000000100d20c                altera_avalon_jtag_uart_init
                0x000000000100d57c                altera_avalon_jtag_uart_close
 .text          0x000000000100d5e4       0xec ../led_counter_bsp//libhal_bsp.a(altera_avalon_jtag_uart_ioctl.o)
                0x000000000100d5e4                altera_avalon_jtag_uart_ioctl
 .text          0x000000000100d6d0      0x20c ../led_counter_bsp//libhal_bsp.a(altera_avalon_jtag_uart_read.o)
                0x000000000100d6d0                altera_avalon_jtag_uart_read
 .text          0x000000000100d8dc      0x218 ../led_counter_bsp//libhal_bsp.a(altera_avalon_jtag_uart_write.o)
                0x000000000100d8dc                altera_avalon_jtag_uart_write
 .text          0x000000000100daf4      0x140 ../led_counter_bsp//libhal_bsp.a(alt_alarm_start.o)
                0x000000000100daf4                alt_alarm_start
 .text          0x000000000100dc34       0x44 ../led_counter_bsp//libhal_bsp.a(alt_dcache_flush_all.o)
                0x000000000100dc34                alt_dcache_flush_all
 .text          0x000000000100dc78       0xf4 ../led_counter_bsp//libhal_bsp.a(alt_dev_llist_insert.o)
                0x000000000100dcc8                alt_dev_llist_insert
 .text          0x000000000100dd6c       0x5c ../led_counter_bsp//libhal_bsp.a(alt_do_ctors.o)
                0x000000000100dd6c                _do_ctors
 .text          0x000000000100ddc8       0x5c ../led_counter_bsp//libhal_bsp.a(alt_do_dtors.o)
                0x000000000100ddc8                _do_dtors
 .text          0x000000000100de24       0x30 ../led_counter_bsp//libhal_bsp.a(alt_icache_flush_all.o)
                0x000000000100de24                alt_icache_flush_all
 .text          0x000000000100de54      0x1e0 ../led_counter_bsp//libhal_bsp.a(alt_iic.o)
                0x000000000100de54                alt_ic_isr_register
                0x000000000100dea4                alt_ic_irq_enable
                0x000000000100df44                alt_ic_irq_disable
                0x000000000100dfe8                alt_ic_irq_enabled
 .text          0x000000000100e034       0xf0 ../led_counter_bsp//libhal_bsp.a(alt_iic_isr_register.o)
                0x000000000100e034                alt_iic_isr_register
 .text          0x000000000100e124      0x138 ../led_counter_bsp//libhal_bsp.a(alt_io_redirect.o)
                0x000000000100e1e4                alt_io_redirect
 .text          0x000000000100e25c        0x0 ../led_counter_bsp//libhal_bsp.a(alt_irq_entry.o)
 .text          0x000000000100e25c        0x0 ../led_counter_bsp//libhal_bsp.a(alt_irq_handler.o)
 .text          0x000000000100e25c        0x0 ../led_counter_bsp//libhal_bsp.a(alt_irq_vars.o)
 .text          0x000000000100e25c      0x274 ../led_counter_bsp//libhal_bsp.a(alt_open.o)
                0x000000000100e378                open
 .text          0x000000000100e4d0      0x19c ../led_counter_bsp//libhal_bsp.a(alt_tick.o)
                0x000000000100e4d0                alt_alarm_stop
                0x000000000100e568                alt_tick
 .text          0x000000000100e66c       0x20 ../led_counter_bsp//libhal_bsp.a(altera_nios2_qsys_irq.o)
                0x000000000100e66c                altera_nios2_qsys_irq_init
 .text          0x000000000100e68c        0x0 ../led_counter_bsp//libhal_bsp.a(alt_exception_entry.o)
 .text          0x000000000100e68c       0x90 ../led_counter_bsp//libhal_bsp.a(alt_find_dev.o)
                0x000000000100e68c                alt_find_dev
 .text          0x000000000100e71c      0x114 ../led_counter_bsp//libhal_bsp.a(alt_find_file.o)
                0x000000000100e71c                alt_find_file
 .text          0x000000000100e830       0xb4 ../led_counter_bsp//libhal_bsp.a(alt_get_fd.o)
                0x000000000100e830                alt_get_fd
 .text          0x000000000100e8e4       0x8c ../led_counter_bsp//libhal_bsp.a(alt_icache_flush.o)
                0x000000000100e8e4                alt_icache_flush
 .text          0x000000000100e970        0x0 /opt/altera_lite/15.1/nios2eds/bin/gnu/H-x86_64-pc-linux-gnu/bin/../lib/gcc/nios2-elf/4.9.2/../../../../../H-x86_64-pc-linux-gnu/nios2-elf/lib/libc.a(lib_a-atexit.o)
 .text.atexit   0x000000000100e970       0x14 /opt/altera_lite/15.1/nios2eds/bin/gnu/H-x86_64-pc-linux-gnu/bin/../lib/gcc/nios2-elf/4.9.2/../../../../../H-x86_64-pc-linux-gnu/nios2-elf/lib/libc.a(lib_a-atexit.o)
                0x000000000100e970                atexit
 .text          0x000000000100e984        0x0 /opt/altera_lite/15.1/nios2eds/bin/gnu/H-x86_64-pc-linux-gnu/bin/../lib/gcc/nios2-elf/4.9.2/../../../../../H-x86_64-pc-linux-gnu/nios2-elf/lib/libc.a(lib_a-exit.o)
 .text.exit     0x000000000100e984       0x38 /opt/altera_lite/15.1/nios2eds/bin/gnu/H-x86_64-pc-linux-gnu/bin/../lib/gcc/nios2-elf/4.9.2/../../../../../H-x86_64-pc-linux-gnu/nios2-elf/lib/libc.a(lib_a-exit.o)
                0x000000000100e984                exit
 .text          0x000000000100e9bc        0x0 /opt/altera_lite/15.1/nios2eds/bin/gnu/H-x86_64-pc-linux-gnu/bin/../lib/gcc/nios2-elf/4.9.2/../../../../../H-x86_64-pc-linux-gnu/nios2-elf/lib/libc.a(lib_a-memcmp.o)
 .text.memcmp   0x000000000100e9bc       0x7c /opt/altera_lite/15.1/nios2eds/bin/gnu/H-x86_64-pc-linux-gnu/bin/../lib/gcc/nios2-elf/4.9.2/../../../../../H-x86_64-pc-linux-gnu/nios2-elf/lib/libc.a(lib_a-memcmp.o)
                0x000000000100e9bc                memcmp
 .text          0x000000000100ea38        0x0 /opt/altera_lite/15.1/nios2eds/bin/gnu/H-x86_64-pc-linux-gnu/bin/../lib/gcc/nios2-elf/4.9.2/../../../../../H-x86_64-pc-linux-gnu/nios2-elf/lib/libc.a(lib_a-__atexit.o)
 .text.__register_exitproc
                0x000000000100ea38      0x114 /opt/altera_lite/15.1/nios2eds/bin/gnu/H-x86_64-pc-linux-gnu/bin/../lib/gcc/nios2-elf/4.9.2/../../../../../H-x86_64-pc-linux-gnu/nios2-elf/lib/libc.a(lib_a-__atexit.o)
                0x000000000100ea38                __register_exitproc
 .text          0x000000000100eb4c        0x0 /opt/altera_lite/15.1/nios2eds/bin/gnu/H-x86_64-pc-linux-gnu/bin/../lib/gcc/nios2-elf/4.9.2/../../../../../H-x86_64-pc-linux-gnu/nios2-elf/lib/libc.a(lib_a-__call_atexit.o)
 .text.__call_exitprocs
                0x000000000100eb4c      0x194 /opt/altera_lite/15.1/nios2eds/bin/gnu/H-x86_64-pc-linux-gnu/bin/../lib/gcc/nios2-elf/4.9.2/../../../../../H-x86_64-pc-linux-gnu/nios2-elf/lib/libc.a(lib_a-__call_atexit.o)
                0x000000000100eb4c                __call_exitprocs
 .text          0x000000000100ece0       0x34 ../led_counter_bsp//libhal_bsp.a(alt_exit.o)
                0x000000000100ece0                _exit
 *(.gnu.warning.*)
 *(.fini)
                0x000000000100ed14                PROVIDE (__etext, ABSOLUTE (.))
                0x000000000100ed14                PROVIDE (_etext, ABSOLUTE (.))
                0x000000000100ed14                PROVIDE (etext, ABSOLUTE (.))
 *(.eh_frame_hdr)
                0x000000000100ed14                . = ALIGN (0x4)
                0x000000000100ed14                PROVIDE (__preinit_array_start, ABSOLUTE (.))
 *(.preinit_array)
                0x000000000100ed14                PROVIDE (__preinit_array_end, ABSOLUTE (.))
                0x000000000100ed14                PROVIDE (__init_array_start, ABSOLUTE (.))
 *(.init_array)
                0x000000000100ed14                PROVIDE (__init_array_end, ABSOLUTE (.))
                0x000000000100ed14                PROVIDE (__fini_array_start, ABSOLUTE (.))
 *(.fini_array)
                0x000000000100ed14                PROVIDE (__fini_array_end, ABSOLUTE (.))
 *(.eh_frame)
 *(.gcc_except_table .gcc_except_table.*)
 *(.dynamic)
                0x000000000100ed14                PROVIDE (__CTOR_LIST__, ABSOLUTE (.))
 *(.ctors)
 *(SORT(.ctors.*))
                0x000000000100ed14                PROVIDE (__CTOR_END__, ABSOLUTE (.))
                0x000000000100ed14                PROVIDE (__DTOR_LIST__, ABSOLUTE (.))
 *(.dtors)
 *(SORT(.dtors.*))
                0x000000000100ed14                PROVIDE (__DTOR_END__, ABSOLUTE (.))
 *(.jcr)
                0x000000000100ed14                . = ALIGN (0x4)

.rodata         0x000000000100ed14      0x320
                0x000000000100ed14                PROVIDE (__ram_rodata_start, ABSOLUTE (.))
                0x000000000100ed14                . = ALIGN (0x4)
 *(.rodata .rodata.* .gnu.linkonce.r.*)
 .rodata        0x000000000100ed14       0x28 obj/default/src/counter.o
 .rodata.str1.4
                0x000000000100ed3c        0x2 /opt/altera_lite/15.1/nios2eds/bin/gnu/H-x86_64-pc-linux-gnu/bin/../lib/gcc/nios2-elf/4.9.2/../../../../../H-x86_64-pc-linux-gnu/nios2-elf/lib/libc.a(lib_a-puts.o)
                                          0x4 (size before relaxing)
 *fill*         0x000000000100ed3e        0x2 
 .rodata.str1.4
                0x000000000100ed40       0x42 /opt/altera_lite/15.1/nios2eds/bin/gnu/H-x86_64-pc-linux-gnu/bin/../lib/gcc/nios2-elf/4.9.2/../../../../../H-x86_64-pc-linux-gnu/nios2-elf/lib/libc.a(lib_a-vfprintf.o)
                                         0x44 (size before relaxing)
 .rodata.zeroes.4255
                0x000000000100ed82       0x10 /opt/altera_lite/15.1/nios2eds/bin/gnu/H-x86_64-pc-linux-gnu/bin/../lib/gcc/nios2-elf/4.9.2/../../../../../H-x86_64-pc-linux-gnu/nios2-elf/lib/libc.a(lib_a-vfprintf.o)
 .rodata.blanks.4254
                0x000000000100ed92       0x10 /opt/altera_lite/15.1/nios2eds/bin/gnu/H-x86_64-pc-linux-gnu/bin/../lib/gcc/nios2-elf/4.9.2/../../../../../H-x86_64-pc-linux-gnu/nios2-elf/lib/libc.a(lib_a-vfprintf.o)
 *fill*         0x000000000100eda2        0x2 
 .rodata.str1.4
                0x000000000100eda4       0x10 /opt/altera_lite/15.1/nios2eds/bin/gnu/H-x86_64-pc-linux-gnu/bin/../lib/gcc/nios2-elf/4.9.2/../../../../../H-x86_64-pc-linux-gnu/nios2-elf/lib/libc.a(lib_a-dtoa.o)
                                         0x14 (size before relaxing)
 .rodata.str1.4
                0x000000000100edb4        0x2 /opt/altera_lite/15.1/nios2eds/bin/gnu/H-x86_64-pc-linux-gnu/bin/../lib/gcc/nios2-elf/4.9.2/../../../../../H-x86_64-pc-linux-gnu/nios2-elf/lib/libc.a(lib_a-impure.o)
                                          0x4 (size before relaxing)
 *fill*         0x000000000100edb6        0x2 
 .rodata.str1.4
                0x000000000100edb8        0xc /opt/altera_lite/15.1/nios2eds/bin/gnu/H-x86_64-pc-linux-gnu/bin/../lib/gcc/nios2-elf/4.9.2/../../../../../H-x86_64-pc-linux-gnu/nios2-elf/lib/libc.a(lib_a-locale.o)
                                         0x14 (size before relaxing)
 .rodata.p05.2710
                0x000000000100edc4        0xc /opt/altera_lite/15.1/nios2eds/bin/gnu/H-x86_64-pc-linux-gnu/bin/../lib/gcc/nios2-elf/4.9.2/../../../../../H-x86_64-pc-linux-gnu/nios2-elf/lib/libc.a(lib_a-mprec.o)
 .rodata.__mprec_tinytens
                0x000000000100edd0       0x28 /opt/altera_lite/15.1/nios2eds/bin/gnu/H-x86_64-pc-linux-gnu/bin/../lib/gcc/nios2-elf/4.9.2/../../../../../H-x86_64-pc-linux-gnu/nios2-elf/lib/libc.a(lib_a-mprec.o)
                0x000000000100edd0                __mprec_tinytens
 .rodata.__mprec_bigtens
                0x000000000100edf8       0x28 /opt/altera_lite/15.1/nios2eds/bin/gnu/H-x86_64-pc-linux-gnu/bin/../lib/gcc/nios2-elf/4.9.2/../../../../../H-x86_64-pc-linux-gnu/nios2-elf/lib/libc.a(lib_a-mprec.o)
                0x000000000100edf8                __mprec_bigtens
 .rodata.__mprec_tens
                0x000000000100ee20       0xc8 /opt/altera_lite/15.1/nios2eds/bin/gnu/H-x86_64-pc-linux-gnu/bin/../lib/gcc/nios2-elf/4.9.2/../../../../../H-x86_64-pc-linux-gnu/nios2-elf/lib/libc.a(lib_a-mprec.o)
                0x000000000100ee20                __mprec_tens
 .rodata.str1.4
                0x0000000000000000       0x30 /opt/altera_lite/15.1/nios2eds/bin/gnu/H-x86_64-pc-linux-gnu/bin/../lib/gcc/nios2-elf/4.9.2/../../../../../H-x86_64-pc-linux-gnu/nios2-elf/lib/libc.a(lib_a-vfiprintf.o)
 .rodata.zeroes.4200
                0x000000000100eee8       0x10 /opt/altera_lite/15.1/nios2eds/bin/gnu/H-x86_64-pc-linux-gnu/bin/../lib/gcc/nios2-elf/4.9.2/../../../../../H-x86_64-pc-linux-gnu/nios2-elf/lib/libc.a(lib_a-vfiprintf.o)
 .rodata.blanks.4199
                0x000000000100eef8       0x10 /opt/altera_lite/15.1/nios2eds/bin/gnu/H-x86_64-pc-linux-gnu/bin/../lib/gcc/nios2-elf/4.9.2/../../../../../H-x86_64-pc-linux-gnu/nios2-elf/lib/libc.a(lib_a-vfiprintf.o)
 .rodata        0x000000000100ef08      0x100 /opt/altera_lite/15.1/nios2eds/bin/gnu/H-x86_64-pc-linux-gnu/bin/../lib/gcc/nios2-elf/4.9.2/libgcc.a(_clz.o)
                0x000000000100ef08                __clz_tab
 .rodata        0x000000000100f008        0xc ../led_counter_bsp//libhal_bsp.a(alt_dev.o)
 .rodata        0x000000000100f014       0x10 ../led_counter_bsp//libhal_bsp.a(alt_main.o)
 .rodata        0x000000000100f024       0x10 ../led_counter_bsp//libhal_bsp.a(alt_sys_init.o)
 *(.rodata1)
                0x000000000100f034                . = ALIGN (0x4)
                0x000000000100f034                PROVIDE (__ram_rodata_end, ABSOLUTE (.))
                0x000000000100ed14                PROVIDE (__flash_rodata_start, LOADADDR (.rodata))

.rwdata         0x000000000100f034     0x1aec load address 0x0000000001010b20
                0x000000000100f034                PROVIDE (__ram_rwdata_start, ABSOLUTE (.))
                0x000000000100f034                . = ALIGN (0x4)
 *(.got.plt)
 *(.got)
 *(.data1)
 *(.data .data.* .gnu.linkonce.d.*)
 .data          0x000000000100f034        0x0 ../led_counter_bsp//obj/HAL/src/crt0.o
 .data          0x000000000100f034        0x0 obj/default/src/counter.o
 .data          0x000000000100f034        0x0 /opt/altera_lite/15.1/nios2eds/bin/gnu/H-x86_64-pc-linux-gnu/bin/../lib/gcc/nios2-elf/4.9.2/../../../../../H-x86_64-pc-linux-gnu/nios2-elf/lib/libc.a(lib_a-printf.o)
 .data          0x000000000100f034        0x0 /opt/altera_lite/15.1/nios2eds/bin/gnu/H-x86_64-pc-linux-gnu/bin/../lib/gcc/nios2-elf/4.9.2/../../../../../H-x86_64-pc-linux-gnu/nios2-elf/lib/libc.a(lib_a-puts.o)
 .data          0x000000000100f034        0x0 /opt/altera_lite/15.1/nios2eds/bin/gnu/H-x86_64-pc-linux-gnu/bin/../lib/gcc/nios2-elf/4.9.2/../../../../../H-x86_64-pc-linux-gnu/nios2-elf/lib/libc.a(lib_a-strlen.o)
 .data          0x000000000100f034        0x0 /opt/altera_lite/15.1/nios2eds/bin/gnu/H-x86_64-pc-linux-gnu/bin/../lib/gcc/nios2-elf/4.9.2/../../../../../H-x86_64-pc-linux-gnu/nios2-elf/lib/libc.a(lib_a-vfprintf.o)
 .data          0x000000000100f034        0x0 /opt/altera_lite/15.1/nios2eds/bin/gnu/H-x86_64-pc-linux-gnu/bin/../lib/gcc/nios2-elf/4.9.2/../../../../../H-x86_64-pc-linux-gnu/nios2-elf/lib/libc.a(lib_a-wsetup.o)
 .data          0x000000000100f034        0x0 /opt/altera_lite/15.1/nios2eds/bin/gnu/H-x86_64-pc-linux-gnu/bin/../lib/gcc/nios2-elf/4.9.2/../../../../../H-x86_64-pc-linux-gnu/nios2-elf/lib/libc.a(lib_a-dtoa.o)
 .data          0x000000000100f034        0x0 /opt/altera_lite/15.1/nios2eds/bin/gnu/H-x86_64-pc-linux-gnu/bin/../lib/gcc/nios2-elf/4.9.2/../../../../../H-x86_64-pc-linux-gnu/nios2-elf/lib/libc.a(lib_a-fflush.o)
 .data          0x000000000100f034        0x0 /opt/altera_lite/15.1/nios2eds/bin/gnu/H-x86_64-pc-linux-gnu/bin/../lib/gcc/nios2-elf/4.9.2/../../../../../H-x86_64-pc-linux-gnu/nios2-elf/lib/libc.a(lib_a-findfp.o)
 .data          0x000000000100f034        0x0 /opt/altera_lite/15.1/nios2eds/bin/gnu/H-x86_64-pc-linux-gnu/bin/../lib/gcc/nios2-elf/4.9.2/../../../../../H-x86_64-pc-linux-gnu/nios2-elf/lib/libc.a(lib_a-freer.o)
 .data          0x000000000100f034        0x0 /opt/altera_lite/15.1/nios2eds/bin/gnu/H-x86_64-pc-linux-gnu/bin/../lib/gcc/nios2-elf/4.9.2/../../../../../H-x86_64-pc-linux-gnu/nios2-elf/lib/libc.a(lib_a-fvwrite.o)
 .data          0x000000000100f034        0x0 /opt/altera_lite/15.1/nios2eds/bin/gnu/H-x86_64-pc-linux-gnu/bin/../lib/gcc/nios2-elf/4.9.2/../../../../../H-x86_64-pc-linux-gnu/nios2-elf/lib/libc.a(lib_a-fwalk.o)
 .data          0x000000000100f034        0x0 /opt/altera_lite/15.1/nios2eds/bin/gnu/H-x86_64-pc-linux-gnu/bin/../lib/gcc/nios2-elf/4.9.2/../../../../../H-x86_64-pc-linux-gnu/nios2-elf/lib/libc.a(lib_a-impure.o)
 .data.impure_data
                0x000000000100f034      0x424 /opt/altera_lite/15.1/nios2eds/bin/gnu/H-x86_64-pc-linux-gnu/bin/../lib/gcc/nios2-elf/4.9.2/../../../../../H-x86_64-pc-linux-gnu/nios2-elf/lib/libc.a(lib_a-impure.o)
 .data          0x000000000100f458        0x0 /opt/altera_lite/15.1/nios2eds/bin/gnu/H-x86_64-pc-linux-gnu/bin/../lib/gcc/nios2-elf/4.9.2/../../../../../H-x86_64-pc-linux-gnu/nios2-elf/lib/libc.a(lib_a-locale.o)
 .data.lc_message_charset
                0x000000000100f458       0x20 /opt/altera_lite/15.1/nios2eds/bin/gnu/H-x86_64-pc-linux-gnu/bin/../lib/gcc/nios2-elf/4.9.2/../../../../../H-x86_64-pc-linux-gnu/nios2-elf/lib/libc.a(lib_a-locale.o)
 .data.lc_ctype_charset
                0x000000000100f478       0x20 /opt/altera_lite/15.1/nios2eds/bin/gnu/H-x86_64-pc-linux-gnu/bin/../lib/gcc/nios2-elf/4.9.2/../../../../../H-x86_64-pc-linux-gnu/nios2-elf/lib/libc.a(lib_a-locale.o)
 .data.lconv    0x000000000100f498       0x38 /opt/altera_lite/15.1/nios2eds/bin/gnu/H-x86_64-pc-linux-gnu/bin/../lib/gcc/nios2-elf/4.9.2/../../../../../H-x86_64-pc-linux-gnu/nios2-elf/lib/libc.a(lib_a-locale.o)
 .data          0x000000000100f4d0        0x0 /opt/altera_lite/15.1/nios2eds/bin/gnu/H-x86_64-pc-linux-gnu/bin/../lib/gcc/nios2-elf/4.9.2/../../../../../H-x86_64-pc-linux-gnu/nios2-elf/lib/libc.a(lib_a-makebuf.o)
 .data          0x000000000100f4d0        0x0 /opt/altera_lite/15.1/nios2eds/bin/gnu/H-x86_64-pc-linux-gnu/bin/../lib/gcc/nios2-elf/4.9.2/../../../../../H-x86_64-pc-linux-gnu/nios2-elf/lib/libc.a(lib_a-mallocr.o)
 .data.__malloc_av_
                0x000000000100f4d0      0x408 /opt/altera_lite/15.1/nios2eds/bin/gnu/H-x86_64-pc-linux-gnu/bin/../lib/gcc/nios2-elf/4.9.2/../../../../../H-x86_64-pc-linux-gnu/nios2-elf/lib/libc.a(lib_a-mallocr.o)
                0x000000000100f4d0                __malloc_av_
 .data          0x000000000100f8d8        0x0 /opt/altera_lite/15.1/nios2eds/bin/gnu/H-x86_64-pc-linux-gnu/bin/../lib/gcc/nios2-elf/4.9.2/../../../../../H-x86_64-pc-linux-gnu/nios2-elf/lib/libc.a(lib_a-memchr.o)
 .data          0x000000000100f8d8        0x0 /opt/altera_lite/15.1/nios2eds/bin/gnu/H-x86_64-pc-linux-gnu/bin/../lib/gcc/nios2-elf/4.9.2/../../../../../H-x86_64-pc-linux-gnu/nios2-elf/lib/libc.a(lib_a-memcpy.o)
 .data          0x000000000100f8d8        0x0 /opt/altera_lite/15.1/nios2eds/bin/gnu/H-x86_64-pc-linux-gnu/bin/../lib/gcc/nios2-elf/4.9.2/../../../../../H-x86_64-pc-linux-gnu/nios2-elf/lib/libc.a(lib_a-memmove.o)
 .data          0x000000000100f8d8        0x0 /opt/altera_lite/15.1/nios2eds/bin/gnu/H-x86_64-pc-linux-gnu/bin/../lib/gcc/nios2-elf/4.9.2/../../../../../H-x86_64-pc-linux-gnu/nios2-elf/lib/libc.a(lib_a-memset.o)
 .data          0x000000000100f8d8        0x0 /opt/altera_lite/15.1/nios2eds/bin/gnu/H-x86_64-pc-linux-gnu/bin/../lib/gcc/nios2-elf/4.9.2/../../../../../H-x86_64-pc-linux-gnu/nios2-elf/lib/libc.a(lib_a-mprec.o)
 .data          0x000000000100f8d8        0x0 /opt/altera_lite/15.1/nios2eds/bin/gnu/H-x86_64-pc-linux-gnu/bin/../lib/gcc/nios2-elf/4.9.2/../../../../../H-x86_64-pc-linux-gnu/nios2-elf/lib/libc.a(lib_a-reallocr.o)
 .data          0x000000000100f8d8        0x0 /opt/altera_lite/15.1/nios2eds/bin/gnu/H-x86_64-pc-linux-gnu/bin/../lib/gcc/nios2-elf/4.9.2/../../../../../H-x86_64-pc-linux-gnu/nios2-elf/lib/libc.a(lib_a-s_fpclassify.o)
 .data          0x000000000100f8d8        0x0 /opt/altera_lite/15.1/nios2eds/bin/gnu/H-x86_64-pc-linux-gnu/bin/../lib/gcc/nios2-elf/4.9.2/../../../../../H-x86_64-pc-linux-gnu/nios2-elf/lib/libc.a(lib_a-sbrkr.o)
 .data          0x000000000100f8d8        0x0 /opt/altera_lite/15.1/nios2eds/bin/gnu/H-x86_64-pc-linux-gnu/bin/../lib/gcc/nios2-elf/4.9.2/../../../../../H-x86_64-pc-linux-gnu/nios2-elf/lib/libc.a(lib_a-stdio.o)
 .data          0x000000000100f8d8        0x0 /opt/altera_lite/15.1/nios2eds/bin/gnu/H-x86_64-pc-linux-gnu/bin/../lib/gcc/nios2-elf/4.9.2/../../../../../H-x86_64-pc-linux-gnu/nios2-elf/lib/libc.a(lib_a-strcmp.o)
 .data          0x000000000100f8d8        0x0 /opt/altera_lite/15.1/nios2eds/bin/gnu/H-x86_64-pc-linux-gnu/bin/../lib/gcc/nios2-elf/4.9.2/../../../../../H-x86_64-pc-linux-gnu/nios2-elf/lib/libc.a(lib_a-vfiprintf.o)
 .data          0x000000000100f8d8        0x0 /opt/altera_lite/15.1/nios2eds/bin/gnu/H-x86_64-pc-linux-gnu/bin/../lib/gcc/nios2-elf/4.9.2/../../../../../H-x86_64-pc-linux-gnu/nios2-elf/lib/libc.a(lib_a-writer.o)
 .data          0x000000000100f8d8        0x0 /opt/altera_lite/15.1/nios2eds/bin/gnu/H-x86_64-pc-linux-gnu/bin/../lib/gcc/nios2-elf/4.9.2/../../../../../H-x86_64-pc-linux-gnu/nios2-elf/lib/libc.a(closer.o)
 .data          0x000000000100f8d8        0x0 /opt/altera_lite/15.1/nios2eds/bin/gnu/H-x86_64-pc-linux-gnu/bin/../lib/gcc/nios2-elf/4.9.2/../../../../../H-x86_64-pc-linux-gnu/nios2-elf/lib/libc.a(lib_a-callocr.o)
 .data          0x000000000100f8d8        0x0 /opt/altera_lite/15.1/nios2eds/bin/gnu/H-x86_64-pc-linux-gnu/bin/../lib/gcc/nios2-elf/4.9.2/../../../../../H-x86_64-pc-linux-gnu/nios2-elf/lib/libc.a(lib_a-fclose.o)
 .data          0x000000000100f8d8        0x0 /opt/altera_lite/15.1/nios2eds/bin/gnu/H-x86_64-pc-linux-gnu/bin/../lib/gcc/nios2-elf/4.9.2/../../../../../H-x86_64-pc-linux-gnu/nios2-elf/lib/libc.a(lib_a-fputwc.o)
 .data          0x000000000100f8d8        0x0 /opt/altera_lite/15.1/nios2eds/bin/gnu/H-x86_64-pc-linux-gnu/bin/../lib/gcc/nios2-elf/4.9.2/../../../../../H-x86_64-pc-linux-gnu/nios2-elf/lib/libc.a(lib_a-fstatr.o)
 .data          0x000000000100f8d8        0x0 /opt/altera_lite/15.1/nios2eds/bin/gnu/H-x86_64-pc-linux-gnu/bin/../lib/gcc/nios2-elf/4.9.2/../../../../../H-x86_64-pc-linux-gnu/nios2-elf/lib/libc.a(lib_a-int_errno.o)
 .data          0x000000000100f8d8        0x0 /opt/altera_lite/15.1/nios2eds/bin/gnu/H-x86_64-pc-linux-gnu/bin/../lib/gcc/nios2-elf/4.9.2/../../../../../H-x86_64-pc-linux-gnu/nios2-elf/lib/libc.a(lib_a-isattyr.o)
 .data          0x000000000100f8d8        0x0 /opt/altera_lite/15.1/nios2eds/bin/gnu/H-x86_64-pc-linux-gnu/bin/../lib/gcc/nios2-elf/4.9.2/../../../../../H-x86_64-pc-linux-gnu/nios2-elf/lib/libc.a(lib_a-lseekr.o)
 .data          0x000000000100f8d8        0x0 /opt/altera_lite/15.1/nios2eds/bin/gnu/H-x86_64-pc-linux-gnu/bin/../lib/gcc/nios2-elf/4.9.2/../../../../../H-x86_64-pc-linux-gnu/nios2-elf/lib/libc.a(lib_a-readr.o)
 .data          0x000000000100f8d8        0x0 /opt/altera_lite/15.1/nios2eds/bin/gnu/H-x86_64-pc-linux-gnu/bin/../lib/gcc/nios2-elf/4.9.2/../../../../../H-x86_64-pc-linux-gnu/nios2-elf/lib/libc.a(lib_a-wbuf.o)
 .data          0x000000000100f8d8        0x0 /opt/altera_lite/15.1/nios2eds/bin/gnu/H-x86_64-pc-linux-gnu/bin/../lib/gcc/nios2-elf/4.9.2/../../../../../H-x86_64-pc-linux-gnu/nios2-elf/lib/libc.a(lib_a-wcrtomb.o)
 .data          0x000000000100f8d8        0x0 /opt/altera_lite/15.1/nios2eds/bin/gnu/H-x86_64-pc-linux-gnu/bin/../lib/gcc/nios2-elf/4.9.2/../../../../../H-x86_64-pc-linux-gnu/nios2-elf/lib/libc.a(lib_a-wctomb_r.o)
 .data          0x000000000100f8d8        0x0 /opt/altera_lite/15.1/nios2eds/bin/gnu/H-x86_64-pc-linux-gnu/bin/../lib/gcc/nios2-elf/4.9.2/libgcc.a(_udivdi3.o)
 .data          0x000000000100f8d8        0x0 /opt/altera_lite/15.1/nios2eds/bin/gnu/H-x86_64-pc-linux-gnu/bin/../lib/gcc/nios2-elf/4.9.2/libgcc.a(_umoddi3.o)
 .data          0x000000000100f8d8        0x0 /opt/altera_lite/15.1/nios2eds/bin/gnu/H-x86_64-pc-linux-gnu/bin/../lib/gcc/nios2-elf/4.9.2/libgcc.a(lib2-divmod.o)
 .data          0x000000000100f8d8        0x0 /opt/altera_lite/15.1/nios2eds/bin/gnu/H-x86_64-pc-linux-gnu/bin/../lib/gcc/nios2-elf/4.9.2/libgcc.a(adddf3.o)
 .data          0x000000000100f8d8        0x0 /opt/altera_lite/15.1/nios2eds/bin/gnu/H-x86_64-pc-linux-gnu/bin/../lib/gcc/nios2-elf/4.9.2/libgcc.a(divdf3.o)
 .data          0x000000000100f8d8        0x0 /opt/altera_lite/15.1/nios2eds/bin/gnu/H-x86_64-pc-linux-gnu/bin/../lib/gcc/nios2-elf/4.9.2/libgcc.a(eqdf2.o)
 .data          0x000000000100f8d8        0x0 /opt/altera_lite/15.1/nios2eds/bin/gnu/H-x86_64-pc-linux-gnu/bin/../lib/gcc/nios2-elf/4.9.2/libgcc.a(gedf2.o)
 .data          0x000000000100f8d8        0x0 /opt/altera_lite/15.1/nios2eds/bin/gnu/H-x86_64-pc-linux-gnu/bin/../lib/gcc/nios2-elf/4.9.2/libgcc.a(ledf2.o)
 .data          0x000000000100f8d8        0x0 /opt/altera_lite/15.1/nios2eds/bin/gnu/H-x86_64-pc-linux-gnu/bin/../lib/gcc/nios2-elf/4.9.2/libgcc.a(muldf3.o)
 .data          0x000000000100f8d8        0x0 /opt/altera_lite/15.1/nios2eds/bin/gnu/H-x86_64-pc-linux-gnu/bin/../lib/gcc/nios2-elf/4.9.2/libgcc.a(subdf3.o)
 .data          0x000000000100f8d8        0x0 /opt/altera_lite/15.1/nios2eds/bin/gnu/H-x86_64-pc-linux-gnu/bin/../lib/gcc/nios2-elf/4.9.2/libgcc.a(fixdfsi.o)
 .data          0x000000000100f8d8        0x0 /opt/altera_lite/15.1/nios2eds/bin/gnu/H-x86_64-pc-linux-gnu/bin/../lib/gcc/nios2-elf/4.9.2/libgcc.a(floatsidf.o)
 .data          0x000000000100f8d8        0x0 /opt/altera_lite/15.1/nios2eds/bin/gnu/H-x86_64-pc-linux-gnu/bin/../lib/gcc/nios2-elf/4.9.2/libgcc.a(floatunsidf.o)
 .data          0x000000000100f8d8        0x0 /opt/altera_lite/15.1/nios2eds/bin/gnu/H-x86_64-pc-linux-gnu/bin/../lib/gcc/nios2-elf/4.9.2/libgcc.a(_clz.o)
 .data          0x000000000100f8d8        0x0 /opt/altera_lite/15.1/nios2eds/bin/gnu/H-x86_64-pc-linux-gnu/bin/../lib/gcc/nios2-elf/4.9.2/libgcc.a(_clzsi2.o)
 .data          0x000000000100f8d8        0x0 ../led_counter_bsp//libhal_bsp.a(alt_close.o)
 .data          0x000000000100f8d8      0x1a8 ../led_counter_bsp//libhal_bsp.a(alt_dev.o)
                0x000000000100f8d8                alt_dev_null
                0x000000000100f900                alt_fd_list
 .data          0x000000000100fa80        0x0 ../led_counter_bsp//libhal_bsp.a(alt_errno.o)
 .data          0x000000000100fa80        0x0 ../led_counter_bsp//libhal_bsp.a(alt_fstat.o)
 .data          0x000000000100fa80        0x0 ../led_counter_bsp//libhal_bsp.a(alt_isatty.o)
 .data          0x000000000100fa80        0x0 ../led_counter_bsp//libhal_bsp.a(alt_load.o)
 .data          0x000000000100fa80        0x0 ../led_counter_bsp//libhal_bsp.a(alt_lseek.o)
 .data          0x000000000100fa80        0x0 ../led_counter_bsp//libhal_bsp.a(alt_main.o)
 .data          0x000000000100fa80        0x0 ../led_counter_bsp//libhal_bsp.a(alt_malloc_lock.o)
 .data          0x000000000100fa80        0x0 ../led_counter_bsp//libhal_bsp.a(alt_read.o)
 .data          0x000000000100fa80        0x0 ../led_counter_bsp//libhal_bsp.a(alt_release_fd.o)
 .data          0x000000000100fa80        0x0 ../led_counter_bsp//libhal_bsp.a(alt_sbrk.o)
 .data          0x000000000100fa80        0x0 ../led_counter_bsp//libhal_bsp.a(alt_write.o)
 .data          0x000000000100fa80     0x1060 ../led_counter_bsp//libhal_bsp.a(alt_sys_init.o)
 .data          0x0000000001010ae0        0x0 ../led_counter_bsp//libhal_bsp.a(altera_avalon_jtag_uart_fd.o)
 .data          0x0000000001010ae0        0x0 ../led_counter_bsp//libhal_bsp.a(altera_avalon_jtag_uart_init.o)
 .data          0x0000000001010ae0        0x0 ../led_counter_bsp//libhal_bsp.a(altera_avalon_jtag_uart_ioctl.o)
 .data          0x0000000001010ae0        0x0 ../led_counter_bsp//libhal_bsp.a(altera_avalon_jtag_uart_read.o)
 .data          0x0000000001010ae0        0x0 ../led_counter_bsp//libhal_bsp.a(altera_avalon_jtag_uart_write.o)
 .data          0x0000000001010ae0        0x0 ../led_counter_bsp//libhal_bsp.a(alt_alarm_start.o)
 .data          0x0000000001010ae0        0x0 ../led_counter_bsp//libhal_bsp.a(alt_dcache_flush_all.o)
 .data          0x0000000001010ae0        0x0 ../led_counter_bsp//libhal_bsp.a(alt_dev_llist_insert.o)
 .data          0x0000000001010ae0        0x0 ../led_counter_bsp//libhal_bsp.a(alt_do_ctors.o)
 .data          0x0000000001010ae0        0x0 ../led_counter_bsp//libhal_bsp.a(alt_do_dtors.o)
 .data          0x0000000001010ae0        0x0 ../led_counter_bsp//libhal_bsp.a(alt_icache_flush_all.o)
 .data          0x0000000001010ae0        0x0 ../led_counter_bsp//libhal_bsp.a(alt_iic.o)
 .data          0x0000000001010ae0        0x0 ../led_counter_bsp//libhal_bsp.a(alt_iic_isr_register.o)
 .data          0x0000000001010ae0        0x0 ../led_counter_bsp//libhal_bsp.a(alt_io_redirect.o)
 .data          0x0000000001010ae0        0x0 ../led_counter_bsp//libhal_bsp.a(alt_irq_entry.o)
 .data          0x0000000001010ae0        0x0 ../led_counter_bsp//libhal_bsp.a(alt_irq_handler.o)
 .data          0x0000000001010ae0        0x0 ../led_counter_bsp//libhal_bsp.a(alt_irq_vars.o)
 .data          0x0000000001010ae0        0x0 ../led_counter_bsp//libhal_bsp.a(alt_open.o)
 .data          0x0000000001010ae0        0x0 ../led_counter_bsp//libhal_bsp.a(alt_tick.o)
 .data          0x0000000001010ae0        0x0 ../led_counter_bsp//libhal_bsp.a(altera_nios2_qsys_irq.o)
 .data          0x0000000001010ae0        0x0 ../led_counter_bsp//libhal_bsp.a(alt_exception_entry.o)
 .data          0x0000000001010ae0        0x0 ../led_counter_bsp//libhal_bsp.a(alt_find_dev.o)
 .data          0x0000000001010ae0        0x0 ../led_counter_bsp//libhal_bsp.a(alt_find_file.o)
 .data          0x0000000001010ae0        0x0 ../led_counter_bsp//libhal_bsp.a(alt_get_fd.o)
 .data          0x0000000001010ae0        0x0 ../led_counter_bsp//libhal_bsp.a(alt_icache_flush.o)
 .data          0x0000000001010ae0        0x0 /opt/altera_lite/15.1/nios2eds/bin/gnu/H-x86_64-pc-linux-gnu/bin/../lib/gcc/nios2-elf/4.9.2/../../../../../H-x86_64-pc-linux-gnu/nios2-elf/lib/libc.a(lib_a-atexit.o)
 .data          0x0000000001010ae0        0x0 /opt/altera_lite/15.1/nios2eds/bin/gnu/H-x86_64-pc-linux-gnu/bin/../lib/gcc/nios2-elf/4.9.2/../../../../../H-x86_64-pc-linux-gnu/nios2-elf/lib/libc.a(lib_a-exit.o)
 .data          0x0000000001010ae0        0x0 /opt/altera_lite/15.1/nios2eds/bin/gnu/H-x86_64-pc-linux-gnu/bin/../lib/gcc/nios2-elf/4.9.2/../../../../../H-x86_64-pc-linux-gnu/nios2-elf/lib/libc.a(lib_a-memcmp.o)
 .data          0x0000000001010ae0        0x0 /opt/altera_lite/15.1/nios2eds/bin/gnu/H-x86_64-pc-linux-gnu/bin/../lib/gcc/nios2-elf/4.9.2/../../../../../H-x86_64-pc-linux-gnu/nios2-elf/lib/libc.a(lib_a-__atexit.o)
 .data          0x0000000001010ae0        0x0 /opt/altera_lite/15.1/nios2eds/bin/gnu/H-x86_64-pc-linux-gnu/bin/../lib/gcc/nios2-elf/4.9.2/../../../../../H-x86_64-pc-linux-gnu/nios2-elf/lib/libc.a(lib_a-__call_atexit.o)
 .data          0x0000000001010ae0        0x0 ../led_counter_bsp//libhal_bsp.a(alt_exit.o)
                0x0000000001018ae0                _gp = ABSOLUTE ((. + 0x8000))
                0x0000000001018ae0                PROVIDE (gp, _gp)
 *(.rwdata .rwdata.*)
 *(.sdata .sdata.* .gnu.linkonce.s.*)
 .sdata._global_impure_ptr
                0x0000000001010ae0        0x4 /opt/altera_lite/15.1/nios2eds/bin/gnu/H-x86_64-pc-linux-gnu/bin/../lib/gcc/nios2-elf/4.9.2/../../../../../H-x86_64-pc-linux-gnu/nios2-elf/lib/libc.a(lib_a-impure.o)
                0x0000000001010ae0                _global_impure_ptr
 .sdata._impure_ptr
                0x0000000001010ae4        0x4 /opt/altera_lite/15.1/nios2eds/bin/gnu/H-x86_64-pc-linux-gnu/bin/../lib/gcc/nios2-elf/4.9.2/../../../../../H-x86_64-pc-linux-gnu/nios2-elf/lib/libc.a(lib_a-impure.o)
                0x0000000001010ae4                _impure_ptr
 .sdata.__mb_cur_max
                0x0000000001010ae8        0x4 /opt/altera_lite/15.1/nios2eds/bin/gnu/H-x86_64-pc-linux-gnu/bin/../lib/gcc/nios2-elf/4.9.2/../../../../../H-x86_64-pc-linux-gnu/nios2-elf/lib/libc.a(lib_a-locale.o)
                0x0000000001010ae8                __mb_cur_max
 .sdata.__malloc_sbrk_base
                0x0000000001010aec        0x4 /opt/altera_lite/15.1/nios2eds/bin/gnu/H-x86_64-pc-linux-gnu/bin/../lib/gcc/nios2-elf/4.9.2/../../../../../H-x86_64-pc-linux-gnu/nios2-elf/lib/libc.a(lib_a-mallocr.o)
                0x0000000001010aec                __malloc_sbrk_base
 .sdata.__malloc_trim_threshold
                0x0000000001010af0        0x4 /opt/altera_lite/15.1/nios2eds/bin/gnu/H-x86_64-pc-linux-gnu/bin/../lib/gcc/nios2-elf/4.9.2/../../../../../H-x86_64-pc-linux-gnu/nios2-elf/lib/libc.a(lib_a-mallocr.o)
                0x0000000001010af0                __malloc_trim_threshold
 .sdata.__wctomb
                0x0000000001010af4        0x4 /opt/altera_lite/15.1/nios2eds/bin/gnu/H-x86_64-pc-linux-gnu/bin/../lib/gcc/nios2-elf/4.9.2/../../../../../H-x86_64-pc-linux-gnu/nios2-elf/lib/libc.a(lib_a-wctomb_r.o)
                0x0000000001010af4                __wctomb
 .sdata         0x0000000001010af8       0x14 ../led_counter_bsp//libhal_bsp.a(alt_dev.o)
                0x0000000001010af8                alt_fs_list
                0x0000000001010b00                alt_dev_list
                0x0000000001010b08                alt_max_fd
 .sdata         0x0000000001010b0c        0x4 ../led_counter_bsp//libhal_bsp.a(alt_errno.o)
                0x0000000001010b0c                alt_errno
 .sdata         0x0000000001010b10        0x4 ../led_counter_bsp//libhal_bsp.a(alt_sbrk.o)
 .sdata         0x0000000001010b14        0x4 ../led_counter_bsp//libhal_bsp.a(alt_irq_vars.o)
                0x0000000001010b14                alt_priority_mask
 .sdata         0x0000000001010b18        0x8 ../led_counter_bsp//libhal_bsp.a(alt_tick.o)
                0x0000000001010b18                alt_alarm_list
 *(.sdata2 .sdata2.* .gnu.linkonce.s2.*)
                0x0000000001010b20                . = ALIGN (0x4)
                0x0000000001010b20                _edata = ABSOLUTE (.)
                0x0000000001010b20                PROVIDE (edata, ABSOLUTE (.))
                0x0000000001010b20                PROVIDE (__ram_rwdata_end, ABSOLUTE (.))
                0x0000000001010b20                PROVIDE (__flash_rwdata_start, LOADADDR (.rwdata))

.bss            0x000000000101260c      0x15c
                0x000000000101260c                __bss_start = ABSOLUTE (.)
                0x000000000101260c                PROVIDE (__sbss_start, ABSOLUTE (.))
                0x000000000101260c                PROVIDE (___sbss_start, ABSOLUTE (.))
 *(.dynsbss)
 *(.sbss .sbss.* .gnu.linkonce.sb.*)
 .sbss._PathLocale
                0x000000000101260c        0x4 /opt/altera_lite/15.1/nios2eds/bin/gnu/H-x86_64-pc-linux-gnu/bin/../lib/gcc/nios2-elf/4.9.2/../../../../../H-x86_64-pc-linux-gnu/nios2-elf/lib/libc.a(lib_a-locale.o)
                0x000000000101260c                _PathLocale
 .sbss.__mlocale_changed
                0x0000000001012610        0x4 /opt/altera_lite/15.1/nios2eds/bin/gnu/H-x86_64-pc-linux-gnu/bin/../lib/gcc/nios2-elf/4.9.2/../../../../../H-x86_64-pc-linux-gnu/nios2-elf/lib/libc.a(lib_a-locale.o)
                0x0000000001012610                __mlocale_changed
 .sbss.__nlocale_changed
                0x0000000001012614        0x4 /opt/altera_lite/15.1/nios2eds/bin/gnu/H-x86_64-pc-linux-gnu/bin/../lib/gcc/nios2-elf/4.9.2/../../../../../H-x86_64-pc-linux-gnu/nios2-elf/lib/libc.a(lib_a-locale.o)
                0x0000000001012614                __nlocale_changed
 .sbss.__malloc_max_total_mem
                0x0000000001012618        0x4 /opt/altera_lite/15.1/nios2eds/bin/gnu/H-x86_64-pc-linux-gnu/bin/../lib/gcc/nios2-elf/4.9.2/../../../../../H-x86_64-pc-linux-gnu/nios2-elf/lib/libc.a(lib_a-mallocr.o)
                0x0000000001012618                __malloc_max_total_mem
 .sbss.__malloc_max_sbrked_mem
                0x000000000101261c        0x4 /opt/altera_lite/15.1/nios2eds/bin/gnu/H-x86_64-pc-linux-gnu/bin/../lib/gcc/nios2-elf/4.9.2/../../../../../H-x86_64-pc-linux-gnu/nios2-elf/lib/libc.a(lib_a-mallocr.o)
                0x000000000101261c                __malloc_max_sbrked_mem
 .sbss.__malloc_top_pad
                0x0000000001012620        0x4 /opt/altera_lite/15.1/nios2eds/bin/gnu/H-x86_64-pc-linux-gnu/bin/../lib/gcc/nios2-elf/4.9.2/../../../../../H-x86_64-pc-linux-gnu/nios2-elf/lib/libc.a(lib_a-mallocr.o)
                0x0000000001012620                __malloc_top_pad
 .sbss          0x0000000001012624        0x4 /opt/altera_lite/15.1/nios2eds/bin/gnu/H-x86_64-pc-linux-gnu/bin/../lib/gcc/nios2-elf/4.9.2/../../../../../H-x86_64-pc-linux-gnu/nios2-elf/lib/libc.a(lib_a-int_errno.o)
                0x0000000001012624                errno
 .sbss          0x0000000001012628        0xc ../led_counter_bsp//libhal_bsp.a(alt_main.o)
                0x0000000001012628                alt_argc
                0x000000000101262c                alt_argv
                0x0000000001012630                alt_envp
 .sbss          0x0000000001012634        0x4 ../led_counter_bsp//libhal_bsp.a(alt_irq_vars.o)
                0x0000000001012634                alt_irq_active
 .sbss          0x0000000001012638        0x8 ../led_counter_bsp//libhal_bsp.a(alt_tick.o)
                0x0000000001012638                _alt_tick_rate
                0x000000000101263c                _alt_nticks
 *(.sbss2 .sbss2.* .gnu.linkonce.sb2.*)
 *(.scommon)
                0x0000000001012640                PROVIDE (__sbss_end, ABSOLUTE (.))
                0x0000000001012640                PROVIDE (___sbss_end, ABSOLUTE (.))
 *(.dynbss)
 *(.bss .bss.* .gnu.linkonce.b.*)
 .bss           0x0000000001012640        0x0 ../led_counter_bsp//obj/HAL/src/crt0.o
 .bss           0x0000000001012640        0x0 obj/default/src/counter.o
 .bss           0x0000000001012640        0x0 /opt/altera_lite/15.1/nios2eds/bin/gnu/H-x86_64-pc-linux-gnu/bin/../lib/gcc/nios2-elf/4.9.2/../../../../../H-x86_64-pc-linux-gnu/nios2-elf/lib/libc.a(lib_a-printf.o)
 .bss           0x0000000001012640        0x0 /opt/altera_lite/15.1/nios2eds/bin/gnu/H-x86_64-pc-linux-gnu/bin/../lib/gcc/nios2-elf/4.9.2/../../../../../H-x86_64-pc-linux-gnu/nios2-elf/lib/libc.a(lib_a-puts.o)
 .bss           0x0000000001012640        0x0 /opt/altera_lite/15.1/nios2eds/bin/gnu/H-x86_64-pc-linux-gnu/bin/../lib/gcc/nios2-elf/4.9.2/../../../../../H-x86_64-pc-linux-gnu/nios2-elf/lib/libc.a(lib_a-strlen.o)
 .bss           0x0000000001012640        0x0 /opt/altera_lite/15.1/nios2eds/bin/gnu/H-x86_64-pc-linux-gnu/bin/../lib/gcc/nios2-elf/4.9.2/../../../../../H-x86_64-pc-linux-gnu/nios2-elf/lib/libc.a(lib_a-vfprintf.o)
 .bss           0x0000000001012640        0x0 /opt/altera_lite/15.1/nios2eds/bin/gnu/H-x86_64-pc-linux-gnu/bin/../lib/gcc/nios2-elf/4.9.2/../../../../../H-x86_64-pc-linux-gnu/nios2-elf/lib/libc.a(lib_a-wsetup.o)
 .bss           0x0000000001012640        0x0 /opt/altera_lite/15.1/nios2eds/bin/gnu/H-x86_64-pc-linux-gnu/bin/../lib/gcc/nios2-elf/4.9.2/../../../../../H-x86_64-pc-linux-gnu/nios2-elf/lib/libc.a(lib_a-dtoa.o)
 .bss           0x0000000001012640        0x0 /opt/altera_lite/15.1/nios2eds/bin/gnu/H-x86_64-pc-linux-gnu/bin/../lib/gcc/nios2-elf/4.9.2/../../../../../H-x86_64-pc-linux-gnu/nios2-elf/lib/libc.a(lib_a-fflush.o)
 .bss           0x0000000001012640        0x0 /opt/altera_lite/15.1/nios2eds/bin/gnu/H-x86_64-pc-linux-gnu/bin/../lib/gcc/nios2-elf/4.9.2/../../../../../H-x86_64-pc-linux-gnu/nios2-elf/lib/libc.a(lib_a-findfp.o)
 .bss           0x0000000001012640        0x0 /opt/altera_lite/15.1/nios2eds/bin/gnu/H-x86_64-pc-linux-gnu/bin/../lib/gcc/nios2-elf/4.9.2/../../../../../H-x86_64-pc-linux-gnu/nios2-elf/lib/libc.a(lib_a-freer.o)
 .bss           0x0000000001012640        0x0 /opt/altera_lite/15.1/nios2eds/bin/gnu/H-x86_64-pc-linux-gnu/bin/../lib/gcc/nios2-elf/4.9.2/../../../../../H-x86_64-pc-linux-gnu/nios2-elf/lib/libc.a(lib_a-fvwrite.o)
 .bss           0x0000000001012640        0x0 /opt/altera_lite/15.1/nios2eds/bin/gnu/H-x86_64-pc-linux-gnu/bin/../lib/gcc/nios2-elf/4.9.2/../../../../../H-x86_64-pc-linux-gnu/nios2-elf/lib/libc.a(lib_a-fwalk.o)
 .bss           0x0000000001012640        0x0 /opt/altera_lite/15.1/nios2eds/bin/gnu/H-x86_64-pc-linux-gnu/bin/../lib/gcc/nios2-elf/4.9.2/../../../../../H-x86_64-pc-linux-gnu/nios2-elf/lib/libc.a(lib_a-impure.o)
 .bss           0x0000000001012640        0x0 /opt/altera_lite/15.1/nios2eds/bin/gnu/H-x86_64-pc-linux-gnu/bin/../lib/gcc/nios2-elf/4.9.2/../../../../../H-x86_64-pc-linux-gnu/nios2-elf/lib/libc.a(lib_a-locale.o)
 .bss           0x0000000001012640        0x0 /opt/altera_lite/15.1/nios2eds/bin/gnu/H-x86_64-pc-linux-gnu/bin/../lib/gcc/nios2-elf/4.9.2/../../../../../H-x86_64-pc-linux-gnu/nios2-elf/lib/libc.a(lib_a-makebuf.o)
 .bss           0x0000000001012640        0x0 /opt/altera_lite/15.1/nios2eds/bin/gnu/H-x86_64-pc-linux-gnu/bin/../lib/gcc/nios2-elf/4.9.2/../../../../../H-x86_64-pc-linux-gnu/nios2-elf/lib/libc.a(lib_a-mallocr.o)
 .bss.__malloc_current_mallinfo
                0x0000000001012640       0x28 /opt/altera_lite/15.1/nios2eds/bin/gnu/H-x86_64-pc-linux-gnu/bin/../lib/gcc/nios2-elf/4.9.2/../../../../../H-x86_64-pc-linux-gnu/nios2-elf/lib/libc.a(lib_a-mallocr.o)
                0x0000000001012640                __malloc_current_mallinfo
 .bss           0x0000000001012668        0x0 /opt/altera_lite/15.1/nios2eds/bin/gnu/H-x86_64-pc-linux-gnu/bin/../lib/gcc/nios2-elf/4.9.2/../../../../../H-x86_64-pc-linux-gnu/nios2-elf/lib/libc.a(lib_a-memchr.o)
 .bss           0x0000000001012668        0x0 /opt/altera_lite/15.1/nios2eds/bin/gnu/H-x86_64-pc-linux-gnu/bin/../lib/gcc/nios2-elf/4.9.2/../../../../../H-x86_64-pc-linux-gnu/nios2-elf/lib/libc.a(lib_a-memcpy.o)
 .bss           0x0000000001012668        0x0 /opt/altera_lite/15.1/nios2eds/bin/gnu/H-x86_64-pc-linux-gnu/bin/../lib/gcc/nios2-elf/4.9.2/../../../../../H-x86_64-pc-linux-gnu/nios2-elf/lib/libc.a(lib_a-memmove.o)
 .bss           0x0000000001012668        0x0 /opt/altera_lite/15.1/nios2eds/bin/gnu/H-x86_64-pc-linux-gnu/bin/../lib/gcc/nios2-elf/4.9.2/../../../../../H-x86_64-pc-linux-gnu/nios2-elf/lib/libc.a(lib_a-memset.o)
 .bss           0x0000000001012668        0x0 /opt/altera_lite/15.1/nios2eds/bin/gnu/H-x86_64-pc-linux-gnu/bin/../lib/gcc/nios2-elf/4.9.2/../../../../../H-x86_64-pc-linux-gnu/nios2-elf/lib/libc.a(lib_a-mprec.o)
 .bss           0x0000000001012668        0x0 /opt/altera_lite/15.1/nios2eds/bin/gnu/H-x86_64-pc-linux-gnu/bin/../lib/gcc/nios2-elf/4.9.2/../../../../../H-x86_64-pc-linux-gnu/nios2-elf/lib/libc.a(lib_a-reallocr.o)
 .bss           0x0000000001012668        0x0 /opt/altera_lite/15.1/nios2eds/bin/gnu/H-x86_64-pc-linux-gnu/bin/../lib/gcc/nios2-elf/4.9.2/../../../../../H-x86_64-pc-linux-gnu/nios2-elf/lib/libc.a(lib_a-s_fpclassify.o)
 .bss           0x0000000001012668        0x0 /opt/altera_lite/15.1/nios2eds/bin/gnu/H-x86_64-pc-linux-gnu/bin/../lib/gcc/nios2-elf/4.9.2/../../../../../H-x86_64-pc-linux-gnu/nios2-elf/lib/libc.a(lib_a-sbrkr.o)
 .bss           0x0000000001012668        0x0 /opt/altera_lite/15.1/nios2eds/bin/gnu/H-x86_64-pc-linux-gnu/bin/../lib/gcc/nios2-elf/4.9.2/../../../../../H-x86_64-pc-linux-gnu/nios2-elf/lib/libc.a(lib_a-stdio.o)
 .bss           0x0000000001012668        0x0 /opt/altera_lite/15.1/nios2eds/bin/gnu/H-x86_64-pc-linux-gnu/bin/../lib/gcc/nios2-elf/4.9.2/../../../../../H-x86_64-pc-linux-gnu/nios2-elf/lib/libc.a(lib_a-strcmp.o)
 .bss           0x0000000001012668        0x0 /opt/altera_lite/15.1/nios2eds/bin/gnu/H-x86_64-pc-linux-gnu/bin/../lib/gcc/nios2-elf/4.9.2/../../../../../H-x86_64-pc-linux-gnu/nios2-elf/lib/libc.a(lib_a-vfiprintf.o)
 .bss           0x0000000001012668        0x0 /opt/altera_lite/15.1/nios2eds/bin/gnu/H-x86_64-pc-linux-gnu/bin/../lib/gcc/nios2-elf/4.9.2/../../../../../H-x86_64-pc-linux-gnu/nios2-elf/lib/libc.a(lib_a-writer.o)
 .bss           0x0000000001012668        0x0 /opt/altera_lite/15.1/nios2eds/bin/gnu/H-x86_64-pc-linux-gnu/bin/../lib/gcc/nios2-elf/4.9.2/../../../../../H-x86_64-pc-linux-gnu/nios2-elf/lib/libc.a(closer.o)
 .bss           0x0000000001012668        0x0 /opt/altera_lite/15.1/nios2eds/bin/gnu/H-x86_64-pc-linux-gnu/bin/../lib/gcc/nios2-elf/4.9.2/../../../../../H-x86_64-pc-linux-gnu/nios2-elf/lib/libc.a(lib_a-callocr.o)
 .bss           0x0000000001012668        0x0 /opt/altera_lite/15.1/nios2eds/bin/gnu/H-x86_64-pc-linux-gnu/bin/../lib/gcc/nios2-elf/4.9.2/../../../../../H-x86_64-pc-linux-gnu/nios2-elf/lib/libc.a(lib_a-fclose.o)
 .bss           0x0000000001012668        0x0 /opt/altera_lite/15.1/nios2eds/bin/gnu/H-x86_64-pc-linux-gnu/bin/../lib/gcc/nios2-elf/4.9.2/../../../../../H-x86_64-pc-linux-gnu/nios2-elf/lib/libc.a(lib_a-fputwc.o)
 .bss           0x0000000001012668        0x0 /opt/altera_lite/15.1/nios2eds/bin/gnu/H-x86_64-pc-linux-gnu/bin/../lib/gcc/nios2-elf/4.9.2/../../../../../H-x86_64-pc-linux-gnu/nios2-elf/lib/libc.a(lib_a-fstatr.o)
 .bss           0x0000000001012668        0x0 /opt/altera_lite/15.1/nios2eds/bin/gnu/H-x86_64-pc-linux-gnu/bin/../lib/gcc/nios2-elf/4.9.2/../../../../../H-x86_64-pc-linux-gnu/nios2-elf/lib/libc.a(lib_a-int_errno.o)
 .bss           0x0000000001012668        0x0 /opt/altera_lite/15.1/nios2eds/bin/gnu/H-x86_64-pc-linux-gnu/bin/../lib/gcc/nios2-elf/4.9.2/../../../../../H-x86_64-pc-linux-gnu/nios2-elf/lib/libc.a(lib_a-isattyr.o)
 .bss           0x0000000001012668        0x0 /opt/altera_lite/15.1/nios2eds/bin/gnu/H-x86_64-pc-linux-gnu/bin/../lib/gcc/nios2-elf/4.9.2/../../../../../H-x86_64-pc-linux-gnu/nios2-elf/lib/libc.a(lib_a-lseekr.o)
 .bss           0x0000000001012668        0x0 /opt/altera_lite/15.1/nios2eds/bin/gnu/H-x86_64-pc-linux-gnu/bin/../lib/gcc/nios2-elf/4.9.2/../../../../../H-x86_64-pc-linux-gnu/nios2-elf/lib/libc.a(lib_a-readr.o)
 .bss           0x0000000001012668        0x0 /opt/altera_lite/15.1/nios2eds/bin/gnu/H-x86_64-pc-linux-gnu/bin/../lib/gcc/nios2-elf/4.9.2/../../../../../H-x86_64-pc-linux-gnu/nios2-elf/lib/libc.a(lib_a-wbuf.o)
 .bss           0x0000000001012668        0x0 /opt/altera_lite/15.1/nios2eds/bin/gnu/H-x86_64-pc-linux-gnu/bin/../lib/gcc/nios2-elf/4.9.2/../../../../../H-x86_64-pc-linux-gnu/nios2-elf/lib/libc.a(lib_a-wcrtomb.o)
 .bss           0x0000000001012668        0x0 /opt/altera_lite/15.1/nios2eds/bin/gnu/H-x86_64-pc-linux-gnu/bin/../lib/gcc/nios2-elf/4.9.2/../../../../../H-x86_64-pc-linux-gnu/nios2-elf/lib/libc.a(lib_a-wctomb_r.o)
 .bss           0x0000000001012668        0x0 /opt/altera_lite/15.1/nios2eds/bin/gnu/H-x86_64-pc-linux-gnu/bin/../lib/gcc/nios2-elf/4.9.2/libgcc.a(_udivdi3.o)
 .bss           0x0000000001012668        0x0 /opt/altera_lite/15.1/nios2eds/bin/gnu/H-x86_64-pc-linux-gnu/bin/../lib/gcc/nios2-elf/4.9.2/libgcc.a(_umoddi3.o)
 .bss           0x0000000001012668        0x0 /opt/altera_lite/15.1/nios2eds/bin/gnu/H-x86_64-pc-linux-gnu/bin/../lib/gcc/nios2-elf/4.9.2/libgcc.a(lib2-divmod.o)
 .bss           0x0000000001012668        0x0 /opt/altera_lite/15.1/nios2eds/bin/gnu/H-x86_64-pc-linux-gnu/bin/../lib/gcc/nios2-elf/4.9.2/libgcc.a(adddf3.o)
 .bss           0x0000000001012668        0x0 /opt/altera_lite/15.1/nios2eds/bin/gnu/H-x86_64-pc-linux-gnu/bin/../lib/gcc/nios2-elf/4.9.2/libgcc.a(divdf3.o)
 .bss           0x0000000001012668        0x0 /opt/altera_lite/15.1/nios2eds/bin/gnu/H-x86_64-pc-linux-gnu/bin/../lib/gcc/nios2-elf/4.9.2/libgcc.a(eqdf2.o)